14:25:01 **** Clean-only build of configuration Debug for project noteTrainer ****
make clean 
rm -rf  ./src/main.o ./src/peripheral.o  ./src/main.d ./src/peripheral.d  noteTrainer.elf.size  noteTrainer.elf
 
14:25:02 **** Clean-only build of project noteTrainer_bsp ****
make -k clean 
make -C microblaze_0/libsrc/cpu_v2_6/src -s clean 
make -C microblaze_0/libsrc/standalone_v6_5/src -s clean 
make -C microblaze_0/libsrc/uartlite_v3_2/src -s clean 
make -C microblaze_0/libsrc/bram_v4_2/src -s clean 
make -C microblaze_0/libsrc/gpio_v4_3/src -s clean 
make -C microblaze_0/libsrc/intc_v3_7/src -s clean 
make -C microblaze_0/libsrc/tmrctr_v4_4/src -s clean 
rm -f microblaze_0/lib/libxil.a
14:25:03 **** Build of project noteTrainer_bsp ****
make -k all 
Running Make include in microblaze_0/libsrc/cpu_v2_6/src
make -C microblaze_0/libsrc/cpu_v2_6/src -s include  "SHELL=/bin/sh" "COMPILER=mb-gcc" "ARCHIVER=mb-ar" "COMPILER_FLAGS= -O2 -c -mcpu=v10.0 -mlittle-endian -mno-xl-reorder -mno-xl-soft-mul -mxl-barrel-shift -mxl-pattern-compare" "EXTRA_COMPILER_FLAGS=-ffunction-sections -fdata-sections -Wall -Wextra"
Running Make include in microblaze_0/libsrc/standalone_v6_5/src
make -C microblaze_0/libsrc/standalone_v6_5/src -s include  "SHELL=/bin/sh" "COMPILER=mb-gcc" "ARCHIVER=mb-ar" "COMPILER_FLAGS= -O2 -c -mcpu=v10.0 -mlittle-endian -mno-xl-reorder -mno-xl-soft-mul -mxl-barrel-shift -mxl-pattern-compare" "EXTRA_COMPILER_FLAGS=-ffunction-sections -fdata-sections -Wall -Wextra"
Running Make include in microblaze_0/libsrc/uartlite_v3_2/src
make -C microblaze_0/libsrc/uartlite_v3_2/src -s include  "SHELL=/bin/sh" "COMPILER=mb-gcc" "ARCHIVER=mb-ar" "COMPILER_FLAGS= -O2 -c -mcpu=v10.0 -mlittle-endian -mno-xl-reorder -mno-xl-soft-mul -mxl-barrel-shift -mxl-pattern-compare" "EXTRA_COMPILER_FLAGS=-ffunction-sections -fdata-sections -Wall -Wextra"
Running Make include in microblaze_0/libsrc/bram_v4_2/src
make -C microblaze_0/libsrc/bram_v4_2/src -s include  "SHELL=/bin/sh" "COMPILER=mb-gcc" "ARCHIVER=mb-ar" "COMPILER_FLAGS= -O2 -c -mcpu=v10.0 -mlittle-endian -mno-xl-reorder -mno-xl-soft-mul -mxl-barrel-shift -mxl-pattern-compare" "EXTRA_COMPILER_FLAGS=-ffunction-sections -fdata-sections -Wall -Wextra"
Running Make include in microblaze_0/libsrc/gpio_v4_3/src
make -C microblaze_0/libsrc/gpio_v4_3/src -s include  "SHELL=/bin/sh" "COMPILER=mb-gcc" "ARCHIVER=mb-ar" "COMPILER_FLAGS= -O2 -c -mcpu=v10.0 -mlittle-endian -mno-xl-reorder -mno-xl-soft-mul -mxl-barrel-shift -mxl-pattern-compare" "EXTRA_COMPILER_FLAGS=-ffunction-sections -fdata-sections -Wall -Wextra"
Running Make include in microblaze_0/libsrc/intc_v3_7/src
make -C microblaze_0/libsrc/intc_v3_7/src -s include  "SHELL=/bin/sh" "COMPILER=mb-gcc" "ARCHIVER=mb-ar" "COMPILER_FLAGS= -O2 -c -mcpu=v10.0 -mlittle-endian -mno-xl-reorder -mno-xl-soft-mul -mxl-barrel-shift -mxl-pattern-compare" "EXTRA_COMPILER_FLAGS=-ffunction-sections -fdata-sections -Wall -Wextra"
Running Make include in microblaze_0/libsrc/tmrctr_v4_4/src
make -C microblaze_0/libsrc/tmrctr_v4_4/src -s include  "SHELL=/bin/sh" "COMPILER=mb-gcc" "ARCHIVER=mb-ar" "COMPILER_FLAGS= -O2 -c -mcpu=v10.0 -mlittle-endian -mno-xl-reorder -mno-xl-soft-mul -mxl-barrel-shift -mxl-pattern-compare" "EXTRA_COMPILER_FLAGS=-ffunction-sections -fdata-sections -Wall -Wextra"
Running Make libs in microblaze_0/libsrc/cpu_v2_6/src
make -C microblaze_0/libsrc/cpu_v2_6/src -s libs  "SHELL=/bin/sh" "COMPILER=mb-gcc" "ARCHIVER=mb-ar" "COMPILER_FLAGS= -O2 -c -mcpu=v10.0 -mlittle-endian -mno-xl-reorder -mno-xl-soft-mul -mxl-barrel-shift -mxl-pattern-compare" "EXTRA_COMPILER_FLAGS=-ffunction-sections -fdata-sections -Wall -Wextra"
Compiling cpu
mb-ar: creating ../../../lib/libxil.a
Running Make libs in microblaze_0/libsrc/standalone_v6_5/src
make -C microblaze_0/libsrc/standalone_v6_5/src -s libs  "SHELL=/bin/sh" "COMPILER=mb-gcc" "ARCHIVER=mb-ar" "COMPILER_FLAGS= -O2 -c -mcpu=v10.0 -mlittle-endian -mno-xl-reorder -mno-xl-soft-mul -mxl-barrel-shift -mxl-pattern-compare" "EXTRA_COMPILER_FLAGS=-ffunction-sections -fdata-sections -Wall -Wextra"
Compiling standalone
Running Make libs in microblaze_0/libsrc/uartlite_v3_2/src
make -C microblaze_0/libsrc/uartlite_v3_2/src -s libs  "SHELL=/bin/sh" "COMPILER=mb-gcc" "ARCHIVER=mb-ar" "COMPILER_FLAGS= -O2 -c -mcpu=v10.0 -mlittle-endian -mno-xl-reorder -mno-xl-soft-mul -mxl-barrel-shift -mxl-pattern-compare" "EXTRA_COMPILER_FLAGS=-ffunction-sections -fdata-sections -Wall -Wextra"
Compiling uartlite
Running Make libs in microblaze_0/libsrc/bram_v4_2/src
make -C microblaze_0/libsrc/bram_v4_2/src -s libs  "SHELL=/bin/sh" "COMPILER=mb-gcc" "ARCHIVER=mb-ar" "COMPILER_FLAGS= -O2 -c -mcpu=v10.0 -mlittle-endian -mno-xl-reorder -mno-xl-soft-mul -mxl-barrel-shift -mxl-pattern-compare" "EXTRA_COMPILER_FLAGS=-ffunction-sections -fdata-sections -Wall -Wextra"
Compiling bram
Running Make libs in microblaze_0/libsrc/gpio_v4_3/src
make -C microblaze_0/libsrc/gpio_v4_3/src -s libs  "SHELL=/bin/sh" "COMPILER=mb-gcc" "ARCHIVER=mb-ar" "COMPILER_FLAGS= -O2 -c -mcpu=v10.0 -mlittle-endian -mno-xl-reorder -mno-xl-soft-mul -mxl-barrel-shift -mxl-pattern-compare" "EXTRA_COMPILER_FLAGS=-ffunction-sections -fdata-sections -Wall -Wextra"
Compiling gpio
Running Make libs in microblaze_0/libsrc/intc_v3_7/src
make -C microblaze_0/libsrc/intc_v3_7/src -s libs  "SHELL=/bin/sh" "COMPILER=mb-gcc" "ARCHIVER=mb-ar" "COMPILER_FLAGS= -O2 -c -mcpu=v10.0 -mlittle-endian -mno-xl-reorder -mno-xl-soft-mul -mxl-barrel-shift -mxl-pattern-compare" "EXTRA_COMPILER_FLAGS=-ffunction-sections -fdata-sections -Wall -Wextra"
Compiling intc
Running Make libs in microblaze_0/libsrc/tmrctr_v4_4/src
make -C microblaze_0/libsrc/tmrctr_v4_4/src -s libs  "SHELL=/bin/sh" "COMPILER=mb-gcc" "ARCHIVER=mb-ar" "COMPILER_FLAGS= -O2 -c -mcpu=v10.0 -mlittle-endian -mno-xl-reorder -mno-xl-soft-mul -mxl-barrel-shift -mxl-pattern-compare" "EXTRA_COMPILER_FLAGS=-ffunction-sections -fdata-sections -Wall -Wextra"
Compiling tmrctr
Finished building libraries
14:25:07 **** Build of configuration Debug for project noteTrainer ****
make all 
Building file: ../src/main.c
Invoking: MicroBlaze gcc compiler
mb-gcc -Wall -O0 -g3 -c -fmessage-length=0 -MT"src/main.o" -I../../noteTrainer_bsp/microblaze_0/include -mno-xl-reorder -mlittle-endian -mxl-barrel-shift -mxl-pattern-compare -mcpu=v10.0 -mno-xl-soft-mul -Wl,--no-relax -ffunction-sections -fdata-sections -MMD -MP -MF"src/main.d" -MT"src/main.o" -o "src/main.o" "../src/main.c"
In file included from ../src/main.c:1:0:
../src/peripheral.h:20:12: warning: 'TmrCtrSetupIntrSystem' declared 'static' but never defined [-Wunused-function]
 static int TmrCtrSetupIntrSystem(XIntc *IntcInstancePtr,
            ^~~~~~~~~~~~~~~~~~~~~
../src/peripheral.h:26:13: warning: 'TimerCounterHandler' declared 'static' but never defined [-Wunused-function]
 static void TimerCounterHandler(void *CallBackRef, u8 TmrCtrNumber);
             ^~~~~~~~~~~~~~~~~~~
../src/peripheral.h:28:13: warning: 'TmrCtrDisableIntr' declared 'static' but never defined [-Wunused-function]
 static void TmrCtrDisableIntr(XIntc *IntcInstancePtr, u16 IntrId);
             ^~~~~~~~~~~~~~~~~
Finished building: ../src/main.c
 
Building file: ../src/peripheral.c
Invoking: MicroBlaze gcc compiler
mb-gcc -Wall -O0 -g3 -c -fmessage-length=0 -MT"src/peripheral.o" -I../../noteTrainer_bsp/microblaze_0/include -mno-xl-reorder -mlittle-endian -mxl-barrel-shift -mxl-pattern-compare -mcpu=v10.0 -mno-xl-soft-mul -Wl,--no-relax -ffunction-sections -fdata-sections -MMD -MP -MF"src/peripheral.d" -MT"src/peripheral.o" -o "src/peripheral.o" "../src/peripheral.c"
../src/peripheral.c:366:6: warning: 'TmrCtrDisableIntr' defined but not used [-Wunused-function]
 void TmrCtrDisableIntr(XIntc *IntcInstancePtr, u16 IntrId)
      ^~~~~~~~~~~~~~~~~
Finished building: ../src/peripheral.c
 
Building target: noteTrainer.elf
Invoking: MicroBlaze gcc linker
mb-gcc -Wl,-T -Wl,../src/lscript.ld -L../../noteTrainer_bsp/microblaze_0/lib -mlittle-endian -mxl-barrel-shift -mxl-pattern-compare -mcpu=v10.0 -mno-xl-soft-mul -Wl,--no-relax -Wl,--gc-sections -o "noteTrainer.elf"  ./src/main.o ./src/peripheral.o   -Wl,--start-group,-lxil,-lgcc,-lc,--end-group
Finished building target: noteTrainer.elf
 
Invoking: MicroBlaze Print Size
mb-size noteTrainer.elf  |tee "noteTrainer.elf.size"
   text	   data	    bss	    dec	    hex	filename
  11168	    372	   3348	  14888	   3a28	noteTrainer.elf
Finished building: noteTrainer.elf.size
 
14:25:49 **** Incremental Build of configuration Debug for project noteTrainer ****
make all 
make: Nothing to be done for 'all'.
14:36:35 **** Incremental Build of configuration Debug for project noteTrainer ****
make all 
make: Nothing to be done for 'all'.
15:00:59 **** Build of project MusicNoteTrainer_bsp ****
make -k all 
Running Make include in microblaze_0/libsrc/cpu_v2_6/src
make -C microblaze_0/libsrc/cpu_v2_6/src -s include  "SHELL=/bin/sh" "COMPILER=mb-gcc" "ARCHIVER=mb-ar" "COMPILER_FLAGS= -O2 -c -mcpu=v10.0 -mlittle-endian -mno-xl-reorder -mno-xl-soft-mul -mxl-barrel-shift -mxl-pattern-compare" "EXTRA_COMPILER_FLAGS=-ffunction-sections -fdata-sections -Wall -Wextra"
Running Make include in microblaze_0/libsrc/standalone_v6_5/src
make -C microblaze_0/libsrc/standalone_v6_5/src -s include  "SHELL=/bin/sh" "COMPILER=mb-gcc" "ARCHIVER=mb-ar" "COMPILER_FLAGS= -O2 -c -mcpu=v10.0 -mlittle-endian -mno-xl-reorder -mno-xl-soft-mul -mxl-barrel-shift -mxl-pattern-compare" "EXTRA_COMPILER_FLAGS=-ffunction-sections -fdata-sections -Wall -Wextra"
Running Make include in microblaze_0/libsrc/uartlite_v3_2/src
make -C microblaze_0/libsrc/uartlite_v3_2/src -s include  "SHELL=/bin/sh" "COMPILER=mb-gcc" "ARCHIVER=mb-ar" "COMPILER_FLAGS= -O2 -c -mcpu=v10.0 -mlittle-endian -mno-xl-reorder -mno-xl-soft-mul -mxl-barrel-shift -mxl-pattern-compare" "EXTRA_COMPILER_FLAGS=-ffunction-sections -fdata-sections -Wall -Wextra"
Running Make include in microblaze_0/libsrc/bram_v4_2/src
make -C microblaze_0/libsrc/bram_v4_2/src -s include  "SHELL=/bin/sh" "COMPILER=mb-gcc" "ARCHIVER=mb-ar" "COMPILER_FLAGS= -O2 -c -mcpu=v10.0 -mlittle-endian -mno-xl-reorder -mno-xl-soft-mul -mxl-barrel-shift -mxl-pattern-compare" "EXTRA_COMPILER_FLAGS=-ffunction-sections -fdata-sections -Wall -Wextra"
Running Make include in microblaze_0/libsrc/gpio_v4_3/src
make -C microblaze_0/libsrc/gpio_v4_3/src -s include  "SHELL=/bin/sh" "COMPILER=mb-gcc" "ARCHIVER=mb-ar" "COMPILER_FLAGS= -O2 -c -mcpu=v10.0 -mlittle-endian -mno-xl-reorder -mno-xl-soft-mul -mxl-barrel-shift -mxl-pattern-compare" "EXTRA_COMPILER_FLAGS=-ffunction-sections -fdata-sections -Wall -Wextra"
Running Make include in microblaze_0/libsrc/intc_v3_7/src
make -C microblaze_0/libsrc/intc_v3_7/src -s include  "SHELL=/bin/sh" "COMPILER=mb-gcc" "ARCHIVER=mb-ar" "COMPILER_FLAGS= -O2 -c -mcpu=v10.0 -mlittle-endian -mno-xl-reorder -mno-xl-soft-mul -mxl-barrel-shift -mxl-pattern-compare" "EXTRA_COMPILER_FLAGS=-ffunction-sections -fdata-sections -Wall -Wextra"
Running Make include in microblaze_0/libsrc/tmrctr_v4_4/src
make -C microblaze_0/libsrc/tmrctr_v4_4/src -s include  "SHELL=/bin/sh" "COMPILER=mb-gcc" "ARCHIVER=mb-ar" "COMPILER_FLAGS= -O2 -c -mcpu=v10.0 -mlittle-endian -mno-xl-reorder -mno-xl-soft-mul -mxl-barrel-shift -mxl-pattern-compare" "EXTRA_COMPILER_FLAGS=-ffunction-sections -fdata-sections -Wall -Wextra"
Running Make libs in microblaze_0/libsrc/cpu_v2_6/src
make -C microblaze_0/libsrc/cpu_v2_6/src -s libs  "SHELL=/bin/sh" "COMPILER=mb-gcc" "ARCHIVER=mb-ar" "COMPILER_FLAGS= -O2 -c -mcpu=v10.0 -mlittle-endian -mno-xl-reorder -mno-xl-soft-mul -mxl-barrel-shift -mxl-pattern-compare" "EXTRA_COMPILER_FLAGS=-ffunction-sections -fdata-sections -Wall -Wextra"
Compiling cpu
mb-ar: creating ../../../lib/libxil.a
Running Make libs in microblaze_0/libsrc/standalone_v6_5/src
make -C microblaze_0/libsrc/standalone_v6_5/src -s libs  "SHELL=/bin/sh" "COMPILER=mb-gcc" "ARCHIVER=mb-ar" "COMPILER_FLAGS= -O2 -c -mcpu=v10.0 -mlittle-endian -mno-xl-reorder -mno-xl-soft-mul -mxl-barrel-shift -mxl-pattern-compare" "EXTRA_COMPILER_FLAGS=-ffunction-sections -fdata-sections -Wall -Wextra"
Compiling standalone
Running Make libs in microblaze_0/libsrc/uartlite_v3_2/src
make -C microblaze_0/libsrc/uartlite_v3_2/src -s libs  "SHELL=/bin/sh" "COMPILER=mb-gcc" "ARCHIVER=mb-ar" "COMPILER_FLAGS= -O2 -c -mcpu=v10.0 -mlittle-endian -mno-xl-reorder -mno-xl-soft-mul -mxl-barrel-shift -mxl-pattern-compare" "EXTRA_COMPILER_FLAGS=-ffunction-sections -fdata-sections -Wall -Wextra"
Compiling uartlite
Running Make libs in microblaze_0/libsrc/bram_v4_2/src
make -C microblaze_0/libsrc/bram_v4_2/src -s libs  "SHELL=/bin/sh" "COMPILER=mb-gcc" "ARCHIVER=mb-ar" "COMPILER_FLAGS= -O2 -c -mcpu=v10.0 -mlittle-endian -mno-xl-reorder -mno-xl-soft-mul -mxl-barrel-shift -mxl-pattern-compare" "EXTRA_COMPILER_FLAGS=-ffunction-sections -fdata-sections -Wall -Wextra"
Compiling bram
Running Make libs in microblaze_0/libsrc/gpio_v4_3/src
make -C microblaze_0/libsrc/gpio_v4_3/src -s libs  "SHELL=/bin/sh" "COMPILER=mb-gcc" "ARCHIVER=mb-ar" "COMPILER_FLAGS= -O2 -c -mcpu=v10.0 -mlittle-endian -mno-xl-reorder -mno-xl-soft-mul -mxl-barrel-shift -mxl-pattern-compare" "EXTRA_COMPILER_FLAGS=-ffunction-sections -fdata-sections -Wall -Wextra"
Compiling gpio
Running Make libs in microblaze_0/libsrc/intc_v3_7/src
make -C microblaze_0/libsrc/intc_v3_7/src -s libs  "SHELL=/bin/sh" "COMPILER=mb-gcc" "ARCHIVER=mb-ar" "COMPILER_FLAGS= -O2 -c -mcpu=v10.0 -mlittle-endian -mno-xl-reorder -mno-xl-soft-mul -mxl-barrel-shift -mxl-pattern-compare" "EXTRA_COMPILER_FLAGS=-ffunction-sections -fdata-sections -Wall -Wextra"
Compiling intc
Running Make libs in microblaze_0/libsrc/tmrctr_v4_4/src
make -C microblaze_0/libsrc/tmrctr_v4_4/src -s libs  "SHELL=/bin/sh" "COMPILER=mb-gcc" "ARCHIVER=mb-ar" "COMPILER_FLAGS= -O2 -c -mcpu=v10.0 -mlittle-endian -mno-xl-reorder -mno-xl-soft-mul -mxl-barrel-shift -mxl-pattern-compare" "EXTRA_COMPILER_FLAGS=-ffunction-sections -fdata-sections -Wall -Wextra"
Compiling tmrctr
Finished building libraries

**** Build of configuration Debug for project MusicNoteTrainer ****

Nothing to build for project MusicNoteTrainer
15:01:34 **** Auto Build of configuration Debug for project MusicNoteTrainer ****
make all 
Building file: ../src/main.c
Invoking: MicroBlaze gcc compiler
mb-gcc -Wall -O0 -g3 -c -fmessage-length=0 -MT"src/main.o" -I../../MusicNoteTrainer_bsp/microblaze_0/include -mno-xl-reorder -mlittle-endian -mxl-barrel-shift -mxl-pattern-compare -mcpu=v10.0 -mno-xl-soft-mul -Wl,--no-relax -ffunction-sections -fdata-sections -MMD -MP -MF"src/main.d" -MT"src/main.o" -o "src/main.o" "../src/main.c"
In file included from ../src/main.c:1:0:
../src/peripheral.h:20:12: warning: 'TmrCtrSetupIntrSystem' declared 'static' but never defined [-Wunused-function]
 static int TmrCtrSetupIntrSystem(XIntc *IntcInstancePtr,
            ^~~~~~~~~~~~~~~~~~~~~
../src/peripheral.h:26:13: warning: 'TimerCounterHandler' declared 'static' but never defined [-Wunused-function]
 static void TimerCounterHandler(void *CallBackRef, u8 TmrCtrNumber);
             ^~~~~~~~~~~~~~~~~~~
../src/peripheral.h:28:13: warning: 'TmrCtrDisableIntr' declared 'static' but never defined [-Wunused-function]
 static void TmrCtrDisableIntr(XIntc *IntcInstancePtr, u16 IntrId);
             ^~~~~~~~~~~~~~~~~
Finished building: ../src/main.c
 
Building file: ../src/peripheral.c
Invoking: MicroBlaze gcc compiler
mb-gcc -Wall -O0 -g3 -c -fmessage-length=0 -MT"src/peripheral.o" -I../../MusicNoteTrainer_bsp/microblaze_0/include -mno-xl-reorder -mlittle-endian -mxl-barrel-shift -mxl-pattern-compare -mcpu=v10.0 -mno-xl-soft-mul -Wl,--no-relax -ffunction-sections -fdata-sections -MMD -MP -MF"src/peripheral.d" -MT"src/peripheral.o" -o "src/peripheral.o" "../src/peripheral.c"
../src/peripheral.c:366:6: warning: 'TmrCtrDisableIntr' defined but not used [-Wunused-function]
 void TmrCtrDisableIntr(XIntc *IntcInstancePtr, u16 IntrId)
      ^~~~~~~~~~~~~~~~~
Finished building: ../src/peripheral.c
 
Building target: MusicNoteTrainer.elf
Invoking: MicroBlaze gcc linker
mb-gcc -Wl,-T -Wl,../src/lscript.ld -L../../MusicNoteTrainer_bsp/microblaze_0/lib -mlittle-endian -mxl-barrel-shift -mxl-pattern-compare -mcpu=v10.0 -mno-xl-soft-mul -Wl,--no-relax -Wl,--gc-sections -o "MusicNoteTrainer.elf"  ./src/main.o ./src/peripheral.o   -Wl,--start-group,-lxil,-lgcc,-lc,--end-group
Finished building target: MusicNoteTrainer.elf
 
Invoking: MicroBlaze Print Size
mb-size MusicNoteTrainer.elf  |tee "MusicNoteTrainer.elf.size"
   text	   data	    bss	    dec	    hex	filename
  11168	    372	   3348	  14888	   3a28	MusicNoteTrainer.elf
Finished building: MusicNoteTrainer.elf.size
 
15:01:36 **** Auto Build of configuration Debug for project MusicNoteTrainer ****
make all 
make: Nothing to be done for 'all'.
15:02:18 **** Incremental Build of configuration Debug for project MusicNoteTrainer ****
make all 
make: Nothing to be done for 'all'.
15:16:22 **** Clean-only build of project MusicNoteTrainer_bsp ****
make -k clean 
make -C microblaze_0/libsrc/cpu_v2_6/src -s clean 
make -C microblaze_0/libsrc/standalone_v6_5/src -s clean 
make -C microblaze_0/libsrc/uartlite_v3_2/src -s clean 
make -C microblaze_0/libsrc/bram_v4_2/src -s clean 
make -C microblaze_0/libsrc/gpio_v4_3/src -s clean 
make -C microblaze_0/libsrc/intc_v3_7/src -s clean 
make -C microblaze_0/libsrc/tmrctr_v4_4/src -s clean 
rm -f microblaze_0/lib/libxil.a
15:16:23 **** Clean-only build of configuration Debug for project MusicNoteTrainer ****
make clean 
rm -rf  ./src/main.o ./src/peripheral.o  ./src/main.d ./src/peripheral.d  MusicNoteTrainer.elf.size  MusicNoteTrainer.elf
 
15:16:24 **** Build of project MusicNoteTrainer_bsp ****
make -k all 
Running Make include in microblaze_0/libsrc/cpu_v2_6/src
make -C microblaze_0/libsrc/cpu_v2_6/src -s include  "SHELL=/bin/sh" "COMPILER=mb-gcc" "ARCHIVER=mb-ar" "COMPILER_FLAGS= -O2 -c -mcpu=v10.0 -mlittle-endian -mno-xl-reorder -mno-xl-soft-mul -mxl-barrel-shift -mxl-pattern-compare" "EXTRA_COMPILER_FLAGS=-ffunction-sections -fdata-sections -Wall -Wextra"
Running Make include in microblaze_0/libsrc/standalone_v6_5/src
make -C microblaze_0/libsrc/standalone_v6_5/src -s include  "SHELL=/bin/sh" "COMPILER=mb-gcc" "ARCHIVER=mb-ar" "COMPILER_FLAGS= -O2 -c -mcpu=v10.0 -mlittle-endian -mno-xl-reorder -mno-xl-soft-mul -mxl-barrel-shift -mxl-pattern-compare" "EXTRA_COMPILER_FLAGS=-ffunction-sections -fdata-sections -Wall -Wextra"
Running Make include in microblaze_0/libsrc/uartlite_v3_2/src
make -C microblaze_0/libsrc/uartlite_v3_2/src -s include  "SHELL=/bin/sh" "COMPILER=mb-gcc" "ARCHIVER=mb-ar" "COMPILER_FLAGS= -O2 -c -mcpu=v10.0 -mlittle-endian -mno-xl-reorder -mno-xl-soft-mul -mxl-barrel-shift -mxl-pattern-compare" "EXTRA_COMPILER_FLAGS=-ffunction-sections -fdata-sections -Wall -Wextra"
Running Make include in microblaze_0/libsrc/bram_v4_2/src
make -C microblaze_0/libsrc/bram_v4_2/src -s include  "SHELL=/bin/sh" "COMPILER=mb-gcc" "ARCHIVER=mb-ar" "COMPILER_FLAGS= -O2 -c -mcpu=v10.0 -mlittle-endian -mno-xl-reorder -mno-xl-soft-mul -mxl-barrel-shift -mxl-pattern-compare" "EXTRA_COMPILER_FLAGS=-ffunction-sections -fdata-sections -Wall -Wextra"
Running Make include in microblaze_0/libsrc/gpio_v4_3/src
make -C microblaze_0/libsrc/gpio_v4_3/src -s include  "SHELL=/bin/sh" "COMPILER=mb-gcc" "ARCHIVER=mb-ar" "COMPILER_FLAGS= -O2 -c -mcpu=v10.0 -mlittle-endian -mno-xl-reorder -mno-xl-soft-mul -mxl-barrel-shift -mxl-pattern-compare" "EXTRA_COMPILER_FLAGS=-ffunction-sections -fdata-sections -Wall -Wextra"
Running Make include in microblaze_0/libsrc/intc_v3_7/src
make -C microblaze_0/libsrc/intc_v3_7/src -s include  "SHELL=/bin/sh" "COMPILER=mb-gcc" "ARCHIVER=mb-ar" "COMPILER_FLAGS= -O2 -c -mcpu=v10.0 -mlittle-endian -mno-xl-reorder -mno-xl-soft-mul -mxl-barrel-shift -mxl-pattern-compare" "EXTRA_COMPILER_FLAGS=-ffunction-sections -fdata-sections -Wall -Wextra"
Running Make include in microblaze_0/libsrc/tmrctr_v4_4/src
make -C microblaze_0/libsrc/tmrctr_v4_4/src -s include  "SHELL=/bin/sh" "COMPILER=mb-gcc" "ARCHIVER=mb-ar" "COMPILER_FLAGS= -O2 -c -mcpu=v10.0 -mlittle-endian -mno-xl-reorder -mno-xl-soft-mul -mxl-barrel-shift -mxl-pattern-compare" "EXTRA_COMPILER_FLAGS=-ffunction-sections -fdata-sections -Wall -Wextra"
Running Make libs in microblaze_0/libsrc/cpu_v2_6/src
make -C microblaze_0/libsrc/cpu_v2_6/src -s libs  "SHELL=/bin/sh" "COMPILER=mb-gcc" "ARCHIVER=mb-ar" "COMPILER_FLAGS= -O2 -c -mcpu=v10.0 -mlittle-endian -mno-xl-reorder -mno-xl-soft-mul -mxl-barrel-shift -mxl-pattern-compare" "EXTRA_COMPILER_FLAGS=-ffunction-sections -fdata-sections -Wall -Wextra"
Compiling cpu
mb-ar: creating ../../../lib/libxil.a
Running Make libs in microblaze_0/libsrc/standalone_v6_5/src
make -C microblaze_0/libsrc/standalone_v6_5/src -s libs  "SHELL=/bin/sh" "COMPILER=mb-gcc" "ARCHIVER=mb-ar" "COMPILER_FLAGS= -O2 -c -mcpu=v10.0 -mlittle-endian -mno-xl-reorder -mno-xl-soft-mul -mxl-barrel-shift -mxl-pattern-compare" "EXTRA_COMPILER_FLAGS=-ffunction-sections -fdata-sections -Wall -Wextra"
Compiling standalone
Running Make libs in microblaze_0/libsrc/uartlite_v3_2/src
make -C microblaze_0/libsrc/uartlite_v3_2/src -s libs  "SHELL=/bin/sh" "COMPILER=mb-gcc" "ARCHIVER=mb-ar" "COMPILER_FLAGS= -O2 -c -mcpu=v10.0 -mlittle-endian -mno-xl-reorder -mno-xl-soft-mul -mxl-barrel-shift -mxl-pattern-compare" "EXTRA_COMPILER_FLAGS=-ffunction-sections -fdata-sections -Wall -Wextra"
Compiling uartlite
Running Make libs in microblaze_0/libsrc/bram_v4_2/src
make -C microblaze_0/libsrc/bram_v4_2/src -s libs  "SHELL=/bin/sh" "COMPILER=mb-gcc" "ARCHIVER=mb-ar" "COMPILER_FLAGS= -O2 -c -mcpu=v10.0 -mlittle-endian -mno-xl-reorder -mno-xl-soft-mul -mxl-barrel-shift -mxl-pattern-compare" "EXTRA_COMPILER_FLAGS=-ffunction-sections -fdata-sections -Wall -Wextra"
Compiling bram
Running Make libs in microblaze_0/libsrc/gpio_v4_3/src
make -C microblaze_0/libsrc/gpio_v4_3/src -s libs  "SHELL=/bin/sh" "COMPILER=mb-gcc" "ARCHIVER=mb-ar" "COMPILER_FLAGS= -O2 -c -mcpu=v10.0 -mlittle-endian -mno-xl-reorder -mno-xl-soft-mul -mxl-barrel-shift -mxl-pattern-compare" "EXTRA_COMPILER_FLAGS=-ffunction-sections -fdata-sections -Wall -Wextra"
Compiling gpio
Running Make libs in microblaze_0/libsrc/intc_v3_7/src
make -C microblaze_0/libsrc/intc_v3_7/src -s libs  "SHELL=/bin/sh" "COMPILER=mb-gcc" "ARCHIVER=mb-ar" "COMPILER_FLAGS= -O2 -c -mcpu=v10.0 -mlittle-endian -mno-xl-reorder -mno-xl-soft-mul -mxl-barrel-shift -mxl-pattern-compare" "EXTRA_COMPILER_FLAGS=-ffunction-sections -fdata-sections -Wall -Wextra"
Compiling intc
Running Make libs in microblaze_0/libsrc/tmrctr_v4_4/src
make -C microblaze_0/libsrc/tmrctr_v4_4/src -s libs  "SHELL=/bin/sh" "COMPILER=mb-gcc" "ARCHIVER=mb-ar" "COMPILER_FLAGS= -O2 -c -mcpu=v10.0 -mlittle-endian -mno-xl-reorder -mno-xl-soft-mul -mxl-barrel-shift -mxl-pattern-compare" "EXTRA_COMPILER_FLAGS=-ffunction-sections -fdata-sections -Wall -Wextra"
Compiling tmrctr
Finished building libraries
15:16:28 **** Build of configuration Debug for project MusicNoteTrainer ****
make all 
Building file: ../src/main.c
Invoking: MicroBlaze gcc compiler
mb-gcc -Wall -O0 -g3 -c -fmessage-length=0 -MT"src/main.o" -I../../MusicNoteTrainer_bsp/microblaze_0/include -mno-xl-reorder -mlittle-endian -mxl-barrel-shift -mxl-pattern-compare -mcpu=v10.0 -mno-xl-soft-mul -Wl,--no-relax -ffunction-sections -fdata-sections -MMD -MP -MF"src/main.d" -MT"src/main.o" -o "src/main.o" "../src/main.c"
In file included from ../src/main.c:1:0:
../src/peripheral.h:20:12: warning: 'TmrCtrSetupIntrSystem' declared 'static' but never defined [-Wunused-function]
 static int TmrCtrSetupIntrSystem(XIntc *IntcInstancePtr,
            ^~~~~~~~~~~~~~~~~~~~~
../src/peripheral.h:26:13: warning: 'TimerCounterHandler' declared 'static' but never defined [-Wunused-function]
 static void TimerCounterHandler(void *CallBackRef, u8 TmrCtrNumber);
             ^~~~~~~~~~~~~~~~~~~
../src/peripheral.h:28:13: warning: 'TmrCtrDisableIntr' declared 'static' but never defined [-Wunused-function]
 static void TmrCtrDisableIntr(XIntc *IntcInstancePtr, u16 IntrId);
             ^~~~~~~~~~~~~~~~~
Finished building: ../src/main.c
 
Building file: ../src/peripheral.c
Invoking: MicroBlaze gcc compiler
mb-gcc -Wall -O0 -g3 -c -fmessage-length=0 -MT"src/peripheral.o" -I../../MusicNoteTrainer_bsp/microblaze_0/include -mno-xl-reorder -mlittle-endian -mxl-barrel-shift -mxl-pattern-compare -mcpu=v10.0 -mno-xl-soft-mul -Wl,--no-relax -ffunction-sections -fdata-sections -MMD -MP -MF"src/peripheral.d" -MT"src/peripheral.o" -o "src/peripheral.o" "../src/peripheral.c"
../src/peripheral.c:366:6: warning: 'TmrCtrDisableIntr' defined but not used [-Wunused-function]
 void TmrCtrDisableIntr(XIntc *IntcInstancePtr, u16 IntrId)
      ^~~~~~~~~~~~~~~~~
Finished building: ../src/peripheral.c
 
Building target: MusicNoteTrainer.elf
Invoking: MicroBlaze gcc linker
mb-gcc -Wl,-T -Wl,../src/lscript.ld -L../../MusicNoteTrainer_bsp/microblaze_0/lib -mlittle-endian -mxl-barrel-shift -mxl-pattern-compare -mcpu=v10.0 -mno-xl-soft-mul -Wl,--no-relax -Wl,--gc-sections -o "MusicNoteTrainer.elf"  ./src/main.o ./src/peripheral.o   -Wl,--start-group,-lxil,-lgcc,-lc,--end-group
Finished building target: MusicNoteTrainer.elf
 
Invoking: MicroBlaze Print Size
mb-size MusicNoteTrainer.elf  |tee "MusicNoteTrainer.elf.size"
   text	   data	    bss	    dec	    hex	filename
  11168	    372	   3348	  14888	   3a28	MusicNoteTrainer.elf
Finished building: MusicNoteTrainer.elf.size
 
15:27:57 **** Clean-only build of project MusicNoteTrainer_bsp ****
make -k clean 
make -C microblaze_0/libsrc/cpu_v2_6/src -s clean 
make -C microblaze_0/libsrc/standalone_v6_5/src -s clean 
make -C microblaze_0/libsrc/uartlite_v3_2/src -s clean 
make -C microblaze_0/libsrc/bram_v4_2/src -s clean 
make -C microblaze_0/libsrc/gpio_v4_3/src -s clean 
make -C microblaze_0/libsrc/intc_v3_7/src -s clean 
make -C microblaze_0/libsrc/tmrctr_v4_4/src -s clean 
rm -f microblaze_0/lib/libxil.a
15:27:58 **** Clean-only build of configuration Debug for project MusicNoteTrainer ****
make clean 
rm -rf  ./src/main.o ./src/peripheral.o  ./src/main.d ./src/peripheral.d  MusicNoteTrainer.elf.size  MusicNoteTrainer.elf
 
15:27:59 **** Build of project MusicNoteTrainer_bsp ****
make -k all 
Running Make include in microblaze_0/libsrc/cpu_v2_6/src
make -C microblaze_0/libsrc/cpu_v2_6/src -s include  "SHELL=/bin/sh" "COMPILER=mb-gcc" "ARCHIVER=mb-ar" "COMPILER_FLAGS= -O2 -c -mcpu=v10.0 -mlittle-endian -mno-xl-reorder -mno-xl-soft-mul -mxl-barrel-shift -mxl-pattern-compare" "EXTRA_COMPILER_FLAGS=-ffunction-sections -fdata-sections -Wall -Wextra"
Running Make include in microblaze_0/libsrc/standalone_v6_5/src
make -C microblaze_0/libsrc/standalone_v6_5/src -s include  "SHELL=/bin/sh" "COMPILER=mb-gcc" "ARCHIVER=mb-ar" "COMPILER_FLAGS= -O2 -c -mcpu=v10.0 -mlittle-endian -mno-xl-reorder -mno-xl-soft-mul -mxl-barrel-shift -mxl-pattern-compare" "EXTRA_COMPILER_FLAGS=-ffunction-sections -fdata-sections -Wall -Wextra"
Running Make include in microblaze_0/libsrc/uartlite_v3_2/src
make -C microblaze_0/libsrc/uartlite_v3_2/src -s include  "SHELL=/bin/sh" "COMPILER=mb-gcc" "ARCHIVER=mb-ar" "COMPILER_FLAGS= -O2 -c -mcpu=v10.0 -mlittle-endian -mno-xl-reorder -mno-xl-soft-mul -mxl-barrel-shift -mxl-pattern-compare" "EXTRA_COMPILER_FLAGS=-ffunction-sections -fdata-sections -Wall -Wextra"
Running Make include in microblaze_0/libsrc/bram_v4_2/src
make -C microblaze_0/libsrc/bram_v4_2/src -s include  "SHELL=/bin/sh" "COMPILER=mb-gcc" "ARCHIVER=mb-ar" "COMPILER_FLAGS= -O2 -c -mcpu=v10.0 -mlittle-endian -mno-xl-reorder -mno-xl-soft-mul -mxl-barrel-shift -mxl-pattern-compare" "EXTRA_COMPILER_FLAGS=-ffunction-sections -fdata-sections -Wall -Wextra"
Running Make include in microblaze_0/libsrc/gpio_v4_3/src
make -C microblaze_0/libsrc/gpio_v4_3/src -s include  "SHELL=/bin/sh" "COMPILER=mb-gcc" "ARCHIVER=mb-ar" "COMPILER_FLAGS= -O2 -c -mcpu=v10.0 -mlittle-endian -mno-xl-reorder -mno-xl-soft-mul -mxl-barrel-shift -mxl-pattern-compare" "EXTRA_COMPILER_FLAGS=-ffunction-sections -fdata-sections -Wall -Wextra"
Running Make include in microblaze_0/libsrc/intc_v3_7/src
make -C microblaze_0/libsrc/intc_v3_7/src -s include  "SHELL=/bin/sh" "COMPILER=mb-gcc" "ARCHIVER=mb-ar" "COMPILER_FLAGS= -O2 -c -mcpu=v10.0 -mlittle-endian -mno-xl-reorder -mno-xl-soft-mul -mxl-barrel-shift -mxl-pattern-compare" "EXTRA_COMPILER_FLAGS=-ffunction-sections -fdata-sections -Wall -Wextra"
Running Make include in microblaze_0/libsrc/tmrctr_v4_4/src
make -C microblaze_0/libsrc/tmrctr_v4_4/src -s include  "SHELL=/bin/sh" "COMPILER=mb-gcc" "ARCHIVER=mb-ar" "COMPILER_FLAGS= -O2 -c -mcpu=v10.0 -mlittle-endian -mno-xl-reorder -mno-xl-soft-mul -mxl-barrel-shift -mxl-pattern-compare" "EXTRA_COMPILER_FLAGS=-ffunction-sections -fdata-sections -Wall -Wextra"
Running Make libs in microblaze_0/libsrc/cpu_v2_6/src
make -C microblaze_0/libsrc/cpu_v2_6/src -s libs  "SHELL=/bin/sh" "COMPILER=mb-gcc" "ARCHIVER=mb-ar" "COMPILER_FLAGS= -O2 -c -mcpu=v10.0 -mlittle-endian -mno-xl-reorder -mno-xl-soft-mul -mxl-barrel-shift -mxl-pattern-compare" "EXTRA_COMPILER_FLAGS=-ffunction-sections -fdata-sections -Wall -Wextra"
Compiling cpu
mb-ar: creating ../../../lib/libxil.a
Running Make libs in microblaze_0/libsrc/standalone_v6_5/src
make -C microblaze_0/libsrc/standalone_v6_5/src -s libs  "SHELL=/bin/sh" "COMPILER=mb-gcc" "ARCHIVER=mb-ar" "COMPILER_FLAGS= -O2 -c -mcpu=v10.0 -mlittle-endian -mno-xl-reorder -mno-xl-soft-mul -mxl-barrel-shift -mxl-pattern-compare" "EXTRA_COMPILER_FLAGS=-ffunction-sections -fdata-sections -Wall -Wextra"
Compiling standalone
Running Make libs in microblaze_0/libsrc/uartlite_v3_2/src
make -C microblaze_0/libsrc/uartlite_v3_2/src -s libs  "SHELL=/bin/sh" "COMPILER=mb-gcc" "ARCHIVER=mb-ar" "COMPILER_FLAGS= -O2 -c -mcpu=v10.0 -mlittle-endian -mno-xl-reorder -mno-xl-soft-mul -mxl-barrel-shift -mxl-pattern-compare" "EXTRA_COMPILER_FLAGS=-ffunction-sections -fdata-sections -Wall -Wextra"
Compiling uartlite
Running Make libs in microblaze_0/libsrc/bram_v4_2/src
make -C microblaze_0/libsrc/bram_v4_2/src -s libs  "SHELL=/bin/sh" "COMPILER=mb-gcc" "ARCHIVER=mb-ar" "COMPILER_FLAGS= -O2 -c -mcpu=v10.0 -mlittle-endian -mno-xl-reorder -mno-xl-soft-mul -mxl-barrel-shift -mxl-pattern-compare" "EXTRA_COMPILER_FLAGS=-ffunction-sections -fdata-sections -Wall -Wextra"
Compiling bram
Running Make libs in microblaze_0/libsrc/gpio_v4_3/src
make -C microblaze_0/libsrc/gpio_v4_3/src -s libs  "SHELL=/bin/sh" "COMPILER=mb-gcc" "ARCHIVER=mb-ar" "COMPILER_FLAGS= -O2 -c -mcpu=v10.0 -mlittle-endian -mno-xl-reorder -mno-xl-soft-mul -mxl-barrel-shift -mxl-pattern-compare" "EXTRA_COMPILER_FLAGS=-ffunction-sections -fdata-sections -Wall -Wextra"
Compiling gpio
Running Make libs in microblaze_0/libsrc/intc_v3_7/src
make -C microblaze_0/libsrc/intc_v3_7/src -s libs  "SHELL=/bin/sh" "COMPILER=mb-gcc" "ARCHIVER=mb-ar" "COMPILER_FLAGS= -O2 -c -mcpu=v10.0 -mlittle-endian -mno-xl-reorder -mno-xl-soft-mul -mxl-barrel-shift -mxl-pattern-compare" "EXTRA_COMPILER_FLAGS=-ffunction-sections -fdata-sections -Wall -Wextra"
Compiling intc
Running Make libs in microblaze_0/libsrc/tmrctr_v4_4/src
make -C microblaze_0/libsrc/tmrctr_v4_4/src -s libs  "SHELL=/bin/sh" "COMPILER=mb-gcc" "ARCHIVER=mb-ar" "COMPILER_FLAGS= -O2 -c -mcpu=v10.0 -mlittle-endian -mno-xl-reorder -mno-xl-soft-mul -mxl-barrel-shift -mxl-pattern-compare" "EXTRA_COMPILER_FLAGS=-ffunction-sections -fdata-sections -Wall -Wextra"
Compiling tmrctr
Finished building libraries
15:28:03 **** Build of configuration Debug for project MusicNoteTrainer ****
make all 
Building file: ../src/main.c
Invoking: MicroBlaze gcc compiler
mb-gcc -Wall -O0 -g3 -c -fmessage-length=0 -MT"src/main.o" -I../../MusicNoteTrainer_bsp/microblaze_0/include -mno-xl-reorder -mlittle-endian -mxl-barrel-shift -mxl-pattern-compare -mcpu=v10.0 -mno-xl-soft-mul -Wl,--no-relax -ffunction-sections -fdata-sections -MMD -MP -MF"src/main.d" -MT"src/main.o" -o "src/main.o" "../src/main.c"
In file included from ../src/main.c:1:0:
../src/peripheral.h:20:12: warning: 'TmrCtrSetupIntrSystem' declared 'static' but never defined [-Wunused-function]
 static int TmrCtrSetupIntrSystem(XIntc *IntcInstancePtr,
            ^~~~~~~~~~~~~~~~~~~~~
../src/peripheral.h:26:13: warning: 'TimerCounterHandler' declared 'static' but never defined [-Wunused-function]
 static void TimerCounterHandler(void *CallBackRef, u8 TmrCtrNumber);
             ^~~~~~~~~~~~~~~~~~~
../src/peripheral.h:28:13: warning: 'TmrCtrDisableIntr' declared 'static' but never defined [-Wunused-function]
 static void TmrCtrDisableIntr(XIntc *IntcInstancePtr, u16 IntrId);
             ^~~~~~~~~~~~~~~~~
Finished building: ../src/main.c
 
Building file: ../src/peripheral.c
Invoking: MicroBlaze gcc compiler
mb-gcc -Wall -O0 -g3 -c -fmessage-length=0 -MT"src/peripheral.o" -I../../MusicNoteTrainer_bsp/microblaze_0/include -mno-xl-reorder -mlittle-endian -mxl-barrel-shift -mxl-pattern-compare -mcpu=v10.0 -mno-xl-soft-mul -Wl,--no-relax -ffunction-sections -fdata-sections -MMD -MP -MF"src/peripheral.d" -MT"src/peripheral.o" -o "src/peripheral.o" "../src/peripheral.c"
../src/peripheral.c:366:6: warning: 'TmrCtrDisableIntr' defined but not used [-Wunused-function]
 void TmrCtrDisableIntr(XIntc *IntcInstancePtr, u16 IntrId)
      ^~~~~~~~~~~~~~~~~
Finished building: ../src/peripheral.c
 
Building target: MusicNoteTrainer.elf
Invoking: MicroBlaze gcc linker
mb-gcc -Wl,-T -Wl,../src/lscript.ld -L../../MusicNoteTrainer_bsp/microblaze_0/lib -mlittle-endian -mxl-barrel-shift -mxl-pattern-compare -mcpu=v10.0 -mno-xl-soft-mul -Wl,--no-relax -Wl,--gc-sections -o "MusicNoteTrainer.elf"  ./src/main.o ./src/peripheral.o   -Wl,--start-group,-lxil,-lgcc,-lc,--end-group
Finished building target: MusicNoteTrainer.elf
 
Invoking: MicroBlaze Print Size
mb-size MusicNoteTrainer.elf  |tee "MusicNoteTrainer.elf.size"
   text	   data	    bss	    dec	    hex	filename
  11168	    372	   3348	  14888	   3a28	MusicNoteTrainer.elf
Finished building: MusicNoteTrainer.elf.size
 
15:28:59 **** Incremental Build of configuration Debug for project MusicNoteTrainer ****
make all 
make: Nothing to be done for 'all'.
15:31:18 **** Auto Build of configuration Debug for project MusicNoteTrainer ****
make all 
Building file: ../src/main.c
Invoking: MicroBlaze gcc compiler
mb-gcc -Wall -O0 -g3 -c -fmessage-length=0 -MT"src/main.o" -I../../MusicNoteTrainer_bsp/microblaze_0/include -mno-xl-reorder -mlittle-endian -mxl-barrel-shift -mxl-pattern-compare -mcpu=v10.0 -mno-xl-soft-mul -Wl,--no-relax -ffunction-sections -fdata-sections -MMD -MP -MF"src/main.d" -MT"src/main.o" -o "src/main.o" "../src/main.c"
In file included from ../src/main.c:1:0:
../src/peripheral.h:20:12: warning: 'TmrCtrSetupIntrSystem' declared 'static' but never defined [-Wunused-function]
 static int TmrCtrSetupIntrSystem(XIntc *IntcInstancePtr,
            ^~~~~~~~~~~~~~~~~~~~~
../src/peripheral.h:26:13: warning: 'TimerCounterHandler' declared 'static' but never defined [-Wunused-function]
 static void TimerCounterHandler(void *CallBackRef, u8 TmrCtrNumber);
             ^~~~~~~~~~~~~~~~~~~
../src/peripheral.h:28:13: warning: 'TmrCtrDisableIntr' declared 'static' but never defined [-Wunused-function]
 static void TmrCtrDisableIntr(XIntc *IntcInstancePtr, u16 IntrId);
             ^~~~~~~~~~~~~~~~~
Finished building: ../src/main.c
 
Building target: MusicNoteTrainer.elf
Invoking: MicroBlaze gcc linker
mb-gcc -Wl,-T -Wl,../src/lscript.ld -L../../MusicNoteTrainer_bsp/microblaze_0/lib -mlittle-endian -mxl-barrel-shift -mxl-pattern-compare -mcpu=v10.0 -mno-xl-soft-mul -Wl,--no-relax -Wl,--gc-sections -o "MusicNoteTrainer.elf"  ./src/main.o ./src/peripheral.o   -Wl,--start-group,-lxil,-lgcc,-lc,--end-group
Finished building target: MusicNoteTrainer.elf
 
Invoking: MicroBlaze Print Size
mb-size MusicNoteTrainer.elf  |tee "MusicNoteTrainer.elf.size"
   text	   data	    bss	    dec	    hex	filename
  11168	    372	   3348	  14888	   3a28	MusicNoteTrainer.elf
Finished building: MusicNoteTrainer.elf.size
 
15:31:27 **** Auto Build of configuration Debug for project MusicNoteTrainer ****
make all 
Building file: ../src/main.c
Invoking: MicroBlaze gcc compiler
mb-gcc -Wall -O0 -g3 -c -fmessage-length=0 -MT"src/main.o" -I../../MusicNoteTrainer_bsp/microblaze_0/include -mno-xl-reorder -mlittle-endian -mxl-barrel-shift -mxl-pattern-compare -mcpu=v10.0 -mno-xl-soft-mul -Wl,--no-relax -ffunction-sections -fdata-sections -MMD -MP -MF"src/main.d" -MT"src/main.o" -o "src/main.o" "../src/main.c"
In file included from ../src/main.c:1:0:
../src/peripheral.h:20:12: warning: 'TmrCtrSetupIntrSystem' declared 'static' but never defined [-Wunused-function]
 static int TmrCtrSetupIntrSystem(XIntc *IntcInstancePtr,
            ^~~~~~~~~~~~~~~~~~~~~
../src/peripheral.h:26:13: warning: 'TimerCounterHandler' declared 'static' but never defined [-Wunused-function]
 static void TimerCounterHandler(void *CallBackRef, u8 TmrCtrNumber);
             ^~~~~~~~~~~~~~~~~~~
../src/peripheral.h:28:13: warning: 'TmrCtrDisableIntr' declared 'static' but never defined [-Wunused-function]
 static void TmrCtrDisableIntr(XIntc *IntcInstancePtr, u16 IntrId);
             ^~~~~~~~~~~~~~~~~
Finished building: ../src/main.c
 
Building target: MusicNoteTrainer.elf
Invoking: MicroBlaze gcc linker
mb-gcc -Wl,-T -Wl,../src/lscript.ld -L../../MusicNoteTrainer_bsp/microblaze_0/lib -mlittle-endian -mxl-barrel-shift -mxl-pattern-compare -mcpu=v10.0 -mno-xl-soft-mul -Wl,--no-relax -Wl,--gc-sections -o "MusicNoteTrainer.elf"  ./src/main.o ./src/peripheral.o   -Wl,--start-group,-lxil,-lgcc,-lc,--end-group
Finished building target: MusicNoteTrainer.elf
 
Invoking: MicroBlaze Print Size
mb-size MusicNoteTrainer.elf  |tee "MusicNoteTrainer.elf.size"
   text	   data	    bss	    dec	    hex	filename
  11168	    372	   3348	  14888	   3a28	MusicNoteTrainer.elf
Finished building: MusicNoteTrainer.elf.size
 
15:36:32 **** Clean-only build of project MusicNoteTrainer_bsp ****
make -k clean 
make -C microblaze_0/libsrc/cpu_v2_6/src -s clean 
make -C microblaze_0/libsrc/standalone_v6_5/src -s clean 
make -C microblaze_0/libsrc/uartlite_v3_2/src -s clean 
make -C microblaze_0/libsrc/bram_v4_2/src -s clean 
make -C microblaze_0/libsrc/gpio_v4_3/src -s clean 
make -C microblaze_0/libsrc/intc_v3_7/src -s clean 
make -C microblaze_0/libsrc/tmrctr_v4_4/src -s clean 
rm -f microblaze_0/lib/libxil.a
15:36:33 **** Clean-only build of configuration Debug for project MusicNoteTrainer ****
make clean 
rm -rf  ./src/main.o ./src/peripheral.o  ./src/main.d ./src/peripheral.d  MusicNoteTrainer.elf.size  MusicNoteTrainer.elf
 
15:36:34 **** Build of project MusicNoteTrainer_bsp ****
make -k all 
Running Make include in microblaze_0/libsrc/cpu_v2_6/src
make -C microblaze_0/libsrc/cpu_v2_6/src -s include  "SHELL=/bin/sh" "COMPILER=mb-gcc" "ARCHIVER=mb-ar" "COMPILER_FLAGS= -O2 -c -mcpu=v10.0 -mlittle-endian -mno-xl-reorder -mno-xl-soft-mul -mxl-barrel-shift -mxl-pattern-compare" "EXTRA_COMPILER_FLAGS=-ffunction-sections -fdata-sections -Wall -Wextra"
Running Make include in microblaze_0/libsrc/standalone_v6_5/src
make -C microblaze_0/libsrc/standalone_v6_5/src -s include  "SHELL=/bin/sh" "COMPILER=mb-gcc" "ARCHIVER=mb-ar" "COMPILER_FLAGS= -O2 -c -mcpu=v10.0 -mlittle-endian -mno-xl-reorder -mno-xl-soft-mul -mxl-barrel-shift -mxl-pattern-compare" "EXTRA_COMPILER_FLAGS=-ffunction-sections -fdata-sections -Wall -Wextra"
Running Make include in microblaze_0/libsrc/uartlite_v3_2/src
make -C microblaze_0/libsrc/uartlite_v3_2/src -s include  "SHELL=/bin/sh" "COMPILER=mb-gcc" "ARCHIVER=mb-ar" "COMPILER_FLAGS= -O2 -c -mcpu=v10.0 -mlittle-endian -mno-xl-reorder -mno-xl-soft-mul -mxl-barrel-shift -mxl-pattern-compare" "EXTRA_COMPILER_FLAGS=-ffunction-sections -fdata-sections -Wall -Wextra"
Running Make include in microblaze_0/libsrc/bram_v4_2/src
make -C microblaze_0/libsrc/bram_v4_2/src -s include  "SHELL=/bin/sh" "COMPILER=mb-gcc" "ARCHIVER=mb-ar" "COMPILER_FLAGS= -O2 -c -mcpu=v10.0 -mlittle-endian -mno-xl-reorder -mno-xl-soft-mul -mxl-barrel-shift -mxl-pattern-compare" "EXTRA_COMPILER_FLAGS=-ffunction-sections -fdata-sections -Wall -Wextra"
Running Make include in microblaze_0/libsrc/gpio_v4_3/src
make -C microblaze_0/libsrc/gpio_v4_3/src -s include  "SHELL=/bin/sh" "COMPILER=mb-gcc" "ARCHIVER=mb-ar" "COMPILER_FLAGS= -O2 -c -mcpu=v10.0 -mlittle-endian -mno-xl-reorder -mno-xl-soft-mul -mxl-barrel-shift -mxl-pattern-compare" "EXTRA_COMPILER_FLAGS=-ffunction-sections -fdata-sections -Wall -Wextra"
Running Make include in microblaze_0/libsrc/intc_v3_7/src
make -C microblaze_0/libsrc/intc_v3_7/src -s include  "SHELL=/bin/sh" "COMPILER=mb-gcc" "ARCHIVER=mb-ar" "COMPILER_FLAGS= -O2 -c -mcpu=v10.0 -mlittle-endian -mno-xl-reorder -mno-xl-soft-mul -mxl-barrel-shift -mxl-pattern-compare" "EXTRA_COMPILER_FLAGS=-ffunction-sections -fdata-sections -Wall -Wextra"
Running Make include in microblaze_0/libsrc/tmrctr_v4_4/src
make -C microblaze_0/libsrc/tmrctr_v4_4/src -s include  "SHELL=/bin/sh" "COMPILER=mb-gcc" "ARCHIVER=mb-ar" "COMPILER_FLAGS= -O2 -c -mcpu=v10.0 -mlittle-endian -mno-xl-reorder -mno-xl-soft-mul -mxl-barrel-shift -mxl-pattern-compare" "EXTRA_COMPILER_FLAGS=-ffunction-sections -fdata-sections -Wall -Wextra"
Running Make libs in microblaze_0/libsrc/cpu_v2_6/src
make -C microblaze_0/libsrc/cpu_v2_6/src -s libs  "SHELL=/bin/sh" "COMPILER=mb-gcc" "ARCHIVER=mb-ar" "COMPILER_FLAGS= -O2 -c -mcpu=v10.0 -mlittle-endian -mno-xl-reorder -mno-xl-soft-mul -mxl-barrel-shift -mxl-pattern-compare" "EXTRA_COMPILER_FLAGS=-ffunction-sections -fdata-sections -Wall -Wextra"
Compiling cpu
mb-ar: creating ../../../lib/libxil.a
Running Make libs in microblaze_0/libsrc/standalone_v6_5/src
make -C microblaze_0/libsrc/standalone_v6_5/src -s libs  "SHELL=/bin/sh" "COMPILER=mb-gcc" "ARCHIVER=mb-ar" "COMPILER_FLAGS= -O2 -c -mcpu=v10.0 -mlittle-endian -mno-xl-reorder -mno-xl-soft-mul -mxl-barrel-shift -mxl-pattern-compare" "EXTRA_COMPILER_FLAGS=-ffunction-sections -fdata-sections -Wall -Wextra"
Compiling standalone
Running Make libs in microblaze_0/libsrc/uartlite_v3_2/src
make -C microblaze_0/libsrc/uartlite_v3_2/src -s libs  "SHELL=/bin/sh" "COMPILER=mb-gcc" "ARCHIVER=mb-ar" "COMPILER_FLAGS= -O2 -c -mcpu=v10.0 -mlittle-endian -mno-xl-reorder -mno-xl-soft-mul -mxl-barrel-shift -mxl-pattern-compare" "EXTRA_COMPILER_FLAGS=-ffunction-sections -fdata-sections -Wall -Wextra"
Compiling uartlite
Running Make libs in microblaze_0/libsrc/bram_v4_2/src
make -C microblaze_0/libsrc/bram_v4_2/src -s libs  "SHELL=/bin/sh" "COMPILER=mb-gcc" "ARCHIVER=mb-ar" "COMPILER_FLAGS= -O2 -c -mcpu=v10.0 -mlittle-endian -mno-xl-reorder -mno-xl-soft-mul -mxl-barrel-shift -mxl-pattern-compare" "EXTRA_COMPILER_FLAGS=-ffunction-sections -fdata-sections -Wall -Wextra"
Compiling bram
Running Make libs in microblaze_0/libsrc/gpio_v4_3/src
make -C microblaze_0/libsrc/gpio_v4_3/src -s libs  "SHELL=/bin/sh" "COMPILER=mb-gcc" "ARCHIVER=mb-ar" "COMPILER_FLAGS= -O2 -c -mcpu=v10.0 -mlittle-endian -mno-xl-reorder -mno-xl-soft-mul -mxl-barrel-shift -mxl-pattern-compare" "EXTRA_COMPILER_FLAGS=-ffunction-sections -fdata-sections -Wall -Wextra"
Compiling gpio
Running Make libs in microblaze_0/libsrc/intc_v3_7/src
make -C microblaze_0/libsrc/intc_v3_7/src -s libs  "SHELL=/bin/sh" "COMPILER=mb-gcc" "ARCHIVER=mb-ar" "COMPILER_FLAGS= -O2 -c -mcpu=v10.0 -mlittle-endian -mno-xl-reorder -mno-xl-soft-mul -mxl-barrel-shift -mxl-pattern-compare" "EXTRA_COMPILER_FLAGS=-ffunction-sections -fdata-sections -Wall -Wextra"
Compiling intc
Running Make libs in microblaze_0/libsrc/tmrctr_v4_4/src
make -C microblaze_0/libsrc/tmrctr_v4_4/src -s libs  "SHELL=/bin/sh" "COMPILER=mb-gcc" "ARCHIVER=mb-ar" "COMPILER_FLAGS= -O2 -c -mcpu=v10.0 -mlittle-endian -mno-xl-reorder -mno-xl-soft-mul -mxl-barrel-shift -mxl-pattern-compare" "EXTRA_COMPILER_FLAGS=-ffunction-sections -fdata-sections -Wall -Wextra"
Compiling tmrctr
Finished building libraries
15:36:37 **** Build of configuration Debug for project MusicNoteTrainer ****
make all 
Building file: ../src/main.c
Invoking: MicroBlaze gcc compiler
mb-gcc -Wall -O0 -g3 -c -fmessage-length=0 -MT"src/main.o" -I../../MusicNoteTrainer_bsp/microblaze_0/include -mno-xl-reorder -mlittle-endian -mxl-barrel-shift -mxl-pattern-compare -mcpu=v10.0 -mno-xl-soft-mul -Wl,--no-relax -ffunction-sections -fdata-sections -MMD -MP -MF"src/main.d" -MT"src/main.o" -o "src/main.o" "../src/main.c"
In file included from ../src/main.c:1:0:
../src/peripheral.h:20:12: warning: 'TmrCtrSetupIntrSystem' declared 'static' but never defined [-Wunused-function]
 static int TmrCtrSetupIntrSystem(XIntc *IntcInstancePtr,
            ^~~~~~~~~~~~~~~~~~~~~
../src/peripheral.h:26:13: warning: 'TimerCounterHandler' declared 'static' but never defined [-Wunused-function]
 static void TimerCounterHandler(void *CallBackRef, u8 TmrCtrNumber);
             ^~~~~~~~~~~~~~~~~~~
../src/peripheral.h:28:13: warning: 'TmrCtrDisableIntr' declared 'static' but never defined [-Wunused-function]
 static void TmrCtrDisableIntr(XIntc *IntcInstancePtr, u16 IntrId);
             ^~~~~~~~~~~~~~~~~
Finished building: ../src/main.c
 
Building file: ../src/peripheral.c
Invoking: MicroBlaze gcc compiler
mb-gcc -Wall -O0 -g3 -c -fmessage-length=0 -MT"src/peripheral.o" -I../../MusicNoteTrainer_bsp/microblaze_0/include -mno-xl-reorder -mlittle-endian -mxl-barrel-shift -mxl-pattern-compare -mcpu=v10.0 -mno-xl-soft-mul -Wl,--no-relax -ffunction-sections -fdata-sections -MMD -MP -MF"src/peripheral.d" -MT"src/peripheral.o" -o "src/peripheral.o" "../src/peripheral.c"
../src/peripheral.c:366:6: warning: 'TmrCtrDisableIntr' defined but not used [-Wunused-function]
 void TmrCtrDisableIntr(XIntc *IntcInstancePtr, u16 IntrId)
      ^~~~~~~~~~~~~~~~~
Finished building: ../src/peripheral.c
 
Building target: MusicNoteTrainer.elf
Invoking: MicroBlaze gcc linker
mb-gcc -Wl,-T -Wl,../src/lscript.ld -L../../MusicNoteTrainer_bsp/microblaze_0/lib -mlittle-endian -mxl-barrel-shift -mxl-pattern-compare -mcpu=v10.0 -mno-xl-soft-mul -Wl,--no-relax -Wl,--gc-sections -o "MusicNoteTrainer.elf"  ./src/main.o ./src/peripheral.o   -Wl,--start-group,-lxil,-lgcc,-lc,--end-group
Finished building target: MusicNoteTrainer.elf
 
Invoking: MicroBlaze Print Size
mb-size MusicNoteTrainer.elf  |tee "MusicNoteTrainer.elf.size"
   text	   data	    bss	    dec	    hex	filename
  11168	    372	   3348	  14888	   3a28	MusicNoteTrainer.elf
Finished building: MusicNoteTrainer.elf.size
 
15:45:36 **** Clean-only build of project MusicNoteTrainer_bsp ****
make -k clean 
make -C microblaze_0/libsrc/cpu_v2_6/src -s clean 
make -C microblaze_0/libsrc/standalone_v6_5/src -s clean 
make -C microblaze_0/libsrc/uartlite_v3_2/src -s clean 
make -C microblaze_0/libsrc/bram_v4_2/src -s clean 
make -C microblaze_0/libsrc/gpio_v4_3/src -s clean 
make -C microblaze_0/libsrc/intc_v3_7/src -s clean 
make -C microblaze_0/libsrc/tmrctr_v4_4/src -s clean 
rm -f microblaze_0/lib/libxil.a
15:45:37 **** Clean-only build of configuration Debug for project MusicNoteTrainer ****
make clean 
rm -rf  ./src/main.o ./src/peripheral.o  ./src/main.d ./src/peripheral.d  MusicNoteTrainer.elf.size  MusicNoteTrainer.elf
 
15:45:38 **** Build of project MusicNoteTrainer_bsp ****
make -k all 
Running Make include in microblaze_0/libsrc/cpu_v2_6/src
make -C microblaze_0/libsrc/cpu_v2_6/src -s include  "SHELL=/bin/sh" "COMPILER=mb-gcc" "ARCHIVER=mb-ar" "COMPILER_FLAGS= -O2 -c -mcpu=v10.0 -mlittle-endian -mno-xl-reorder -mno-xl-soft-mul -mxl-barrel-shift -mxl-pattern-compare" "EXTRA_COMPILER_FLAGS=-ffunction-sections -fdata-sections -Wall -Wextra"
Running Make include in microblaze_0/libsrc/standalone_v6_5/src
make -C microblaze_0/libsrc/standalone_v6_5/src -s include  "SHELL=/bin/sh" "COMPILER=mb-gcc" "ARCHIVER=mb-ar" "COMPILER_FLAGS= -O2 -c -mcpu=v10.0 -mlittle-endian -mno-xl-reorder -mno-xl-soft-mul -mxl-barrel-shift -mxl-pattern-compare" "EXTRA_COMPILER_FLAGS=-ffunction-sections -fdata-sections -Wall -Wextra"
Running Make include in microblaze_0/libsrc/uartlite_v3_2/src
make -C microblaze_0/libsrc/uartlite_v3_2/src -s include  "SHELL=/bin/sh" "COMPILER=mb-gcc" "ARCHIVER=mb-ar" "COMPILER_FLAGS= -O2 -c -mcpu=v10.0 -mlittle-endian -mno-xl-reorder -mno-xl-soft-mul -mxl-barrel-shift -mxl-pattern-compare" "EXTRA_COMPILER_FLAGS=-ffunction-sections -fdata-sections -Wall -Wextra"
Running Make include in microblaze_0/libsrc/bram_v4_2/src
make -C microblaze_0/libsrc/bram_v4_2/src -s include  "SHELL=/bin/sh" "COMPILER=mb-gcc" "ARCHIVER=mb-ar" "COMPILER_FLAGS= -O2 -c -mcpu=v10.0 -mlittle-endian -mno-xl-reorder -mno-xl-soft-mul -mxl-barrel-shift -mxl-pattern-compare" "EXTRA_COMPILER_FLAGS=-ffunction-sections -fdata-sections -Wall -Wextra"
Running Make include in microblaze_0/libsrc/gpio_v4_3/src
make -C microblaze_0/libsrc/gpio_v4_3/src -s include  "SHELL=/bin/sh" "COMPILER=mb-gcc" "ARCHIVER=mb-ar" "COMPILER_FLAGS= -O2 -c -mcpu=v10.0 -mlittle-endian -mno-xl-reorder -mno-xl-soft-mul -mxl-barrel-shift -mxl-pattern-compare" "EXTRA_COMPILER_FLAGS=-ffunction-sections -fdata-sections -Wall -Wextra"
Running Make include in microblaze_0/libsrc/intc_v3_7/src
make -C microblaze_0/libsrc/intc_v3_7/src -s include  "SHELL=/bin/sh" "COMPILER=mb-gcc" "ARCHIVER=mb-ar" "COMPILER_FLAGS= -O2 -c -mcpu=v10.0 -mlittle-endian -mno-xl-reorder -mno-xl-soft-mul -mxl-barrel-shift -mxl-pattern-compare" "EXTRA_COMPILER_FLAGS=-ffunction-sections -fdata-sections -Wall -Wextra"
Running Make include in microblaze_0/libsrc/tmrctr_v4_4/src
make -C microblaze_0/libsrc/tmrctr_v4_4/src -s include  "SHELL=/bin/sh" "COMPILER=mb-gcc" "ARCHIVER=mb-ar" "COMPILER_FLAGS= -O2 -c -mcpu=v10.0 -mlittle-endian -mno-xl-reorder -mno-xl-soft-mul -mxl-barrel-shift -mxl-pattern-compare" "EXTRA_COMPILER_FLAGS=-ffunction-sections -fdata-sections -Wall -Wextra"
Running Make libs in microblaze_0/libsrc/cpu_v2_6/src
make -C microblaze_0/libsrc/cpu_v2_6/src -s libs  "SHELL=/bin/sh" "COMPILER=mb-gcc" "ARCHIVER=mb-ar" "COMPILER_FLAGS= -O2 -c -mcpu=v10.0 -mlittle-endian -mno-xl-reorder -mno-xl-soft-mul -mxl-barrel-shift -mxl-pattern-compare" "EXTRA_COMPILER_FLAGS=-ffunction-sections -fdata-sections -Wall -Wextra"
Compiling cpu
mb-ar: creating ../../../lib/libxil.a
Running Make libs in microblaze_0/libsrc/standalone_v6_5/src
make -C microblaze_0/libsrc/standalone_v6_5/src -s libs  "SHELL=/bin/sh" "COMPILER=mb-gcc" "ARCHIVER=mb-ar" "COMPILER_FLAGS= -O2 -c -mcpu=v10.0 -mlittle-endian -mno-xl-reorder -mno-xl-soft-mul -mxl-barrel-shift -mxl-pattern-compare" "EXTRA_COMPILER_FLAGS=-ffunction-sections -fdata-sections -Wall -Wextra"
Compiling standalone
Running Make libs in microblaze_0/libsrc/uartlite_v3_2/src
make -C microblaze_0/libsrc/uartlite_v3_2/src -s libs  "SHELL=/bin/sh" "COMPILER=mb-gcc" "ARCHIVER=mb-ar" "COMPILER_FLAGS= -O2 -c -mcpu=v10.0 -mlittle-endian -mno-xl-reorder -mno-xl-soft-mul -mxl-barrel-shift -mxl-pattern-compare" "EXTRA_COMPILER_FLAGS=-ffunction-sections -fdata-sections -Wall -Wextra"
Compiling uartlite
Running Make libs in microblaze_0/libsrc/bram_v4_2/src
make -C microblaze_0/libsrc/bram_v4_2/src -s libs  "SHELL=/bin/sh" "COMPILER=mb-gcc" "ARCHIVER=mb-ar" "COMPILER_FLAGS= -O2 -c -mcpu=v10.0 -mlittle-endian -mno-xl-reorder -mno-xl-soft-mul -mxl-barrel-shift -mxl-pattern-compare" "EXTRA_COMPILER_FLAGS=-ffunction-sections -fdata-sections -Wall -Wextra"
Compiling bram
Running Make libs in microblaze_0/libsrc/gpio_v4_3/src
make -C microblaze_0/libsrc/gpio_v4_3/src -s libs  "SHELL=/bin/sh" "COMPILER=mb-gcc" "ARCHIVER=mb-ar" "COMPILER_FLAGS= -O2 -c -mcpu=v10.0 -mlittle-endian -mno-xl-reorder -mno-xl-soft-mul -mxl-barrel-shift -mxl-pattern-compare" "EXTRA_COMPILER_FLAGS=-ffunction-sections -fdata-sections -Wall -Wextra"
Compiling gpio
Running Make libs in microblaze_0/libsrc/intc_v3_7/src
make -C microblaze_0/libsrc/intc_v3_7/src -s libs  "SHELL=/bin/sh" "COMPILER=mb-gcc" "ARCHIVER=mb-ar" "COMPILER_FLAGS= -O2 -c -mcpu=v10.0 -mlittle-endian -mno-xl-reorder -mno-xl-soft-mul -mxl-barrel-shift -mxl-pattern-compare" "EXTRA_COMPILER_FLAGS=-ffunction-sections -fdata-sections -Wall -Wextra"
Compiling intc
Running Make libs in microblaze_0/libsrc/tmrctr_v4_4/src
make -C microblaze_0/libsrc/tmrctr_v4_4/src -s libs  "SHELL=/bin/sh" "COMPILER=mb-gcc" "ARCHIVER=mb-ar" "COMPILER_FLAGS= -O2 -c -mcpu=v10.0 -mlittle-endian -mno-xl-reorder -mno-xl-soft-mul -mxl-barrel-shift -mxl-pattern-compare" "EXTRA_COMPILER_FLAGS=-ffunction-sections -fdata-sections -Wall -Wextra"
Compiling tmrctr
Finished building libraries
15:45:41 **** Build of configuration Debug for project MusicNoteTrainer ****
make all 
Building file: ../src/main.c
Invoking: MicroBlaze gcc compiler
mb-gcc -Wall -O0 -g3 -c -fmessage-length=0 -MT"src/main.o" -I../../MusicNoteTrainer_bsp/microblaze_0/include -mno-xl-reorder -mlittle-endian -mxl-barrel-shift -mxl-pattern-compare -mcpu=v10.0 -mno-xl-soft-mul -Wl,--no-relax -ffunction-sections -fdata-sections -MMD -MP -MF"src/main.d" -MT"src/main.o" -o "src/main.o" "../src/main.c"
In file included from ../src/main.c:1:0:
../src/peripheral.h:20:12: warning: 'TmrCtrSetupIntrSystem' declared 'static' but never defined [-Wunused-function]
 static int TmrCtrSetupIntrSystem(XIntc *IntcInstancePtr,
            ^~~~~~~~~~~~~~~~~~~~~
../src/peripheral.h:26:13: warning: 'TimerCounterHandler' declared 'static' but never defined [-Wunused-function]
 static void TimerCounterHandler(void *CallBackRef, u8 TmrCtrNumber);
             ^~~~~~~~~~~~~~~~~~~
../src/peripheral.h:28:13: warning: 'TmrCtrDisableIntr' declared 'static' but never defined [-Wunused-function]
 static void TmrCtrDisableIntr(XIntc *IntcInstancePtr, u16 IntrId);
             ^~~~~~~~~~~~~~~~~
Finished building: ../src/main.c
 
Building file: ../src/peripheral.c
Invoking: MicroBlaze gcc compiler
mb-gcc -Wall -O0 -g3 -c -fmessage-length=0 -MT"src/peripheral.o" -I../../MusicNoteTrainer_bsp/microblaze_0/include -mno-xl-reorder -mlittle-endian -mxl-barrel-shift -mxl-pattern-compare -mcpu=v10.0 -mno-xl-soft-mul -Wl,--no-relax -ffunction-sections -fdata-sections -MMD -MP -MF"src/peripheral.d" -MT"src/peripheral.o" -o "src/peripheral.o" "../src/peripheral.c"
../src/peripheral.c:366:6: warning: 'TmrCtrDisableIntr' defined but not used [-Wunused-function]
 void TmrCtrDisableIntr(XIntc *IntcInstancePtr, u16 IntrId)
      ^~~~~~~~~~~~~~~~~
Finished building: ../src/peripheral.c
 
Building target: MusicNoteTrainer.elf
Invoking: MicroBlaze gcc linker
mb-gcc -Wl,-T -Wl,../src/lscript.ld -L../../MusicNoteTrainer_bsp/microblaze_0/lib -mlittle-endian -mxl-barrel-shift -mxl-pattern-compare -mcpu=v10.0 -mno-xl-soft-mul -Wl,--no-relax -Wl,--gc-sections -o "MusicNoteTrainer.elf"  ./src/main.o ./src/peripheral.o   -Wl,--start-group,-lxil,-lgcc,-lc,--end-group
Finished building target: MusicNoteTrainer.elf
 
Invoking: MicroBlaze Print Size
mb-size MusicNoteTrainer.elf  |tee "MusicNoteTrainer.elf.size"
   text	   data	    bss	    dec	    hex	filename
  11168	    372	   3348	  14888	   3a28	MusicNoteTrainer.elf
Finished building: MusicNoteTrainer.elf.size
 
15:46:43 **** Incremental Build of configuration Debug for project MusicNoteTrainer ****
make all 
make: Nothing to be done for 'all'.
16:01:03 **** Clean-only build of project MusicNoteTrainer_bsp ****
make -k clean 
make -C microblaze_0/libsrc/cpu_v2_6/src -s clean 
make -C microblaze_0/libsrc/standalone_v6_5/src -s clean 
make -C microblaze_0/libsrc/uartlite_v3_2/src -s clean 
make -C microblaze_0/libsrc/bram_v4_2/src -s clean 
make -C microblaze_0/libsrc/gpio_v4_3/src -s clean 
make -C microblaze_0/libsrc/intc_v3_7/src -s clean 
make -C microblaze_0/libsrc/tmrctr_v4_4/src -s clean 
rm -f microblaze_0/lib/libxil.a
16:01:04 **** Clean-only build of configuration Debug for project MusicNoteTrainer ****
make clean 
rm -rf  ./src/main.o ./src/peripheral.o  ./src/main.d ./src/peripheral.d  MusicNoteTrainer.elf.size  MusicNoteTrainer.elf
 
16:01:04 **** Build of project MusicNoteTrainer_bsp ****
make -k all 
Running Make include in microblaze_0/libsrc/cpu_v2_6/src
make -C microblaze_0/libsrc/cpu_v2_6/src -s include  "SHELL=/bin/sh" "COMPILER=mb-gcc" "ARCHIVER=mb-ar" "COMPILER_FLAGS= -O2 -c -mcpu=v10.0 -mlittle-endian -mno-xl-reorder -mno-xl-soft-mul -mxl-barrel-shift -mxl-pattern-compare" "EXTRA_COMPILER_FLAGS=-ffunction-sections -fdata-sections -Wall -Wextra"
Running Make include in microblaze_0/libsrc/standalone_v6_5/src
make -C microblaze_0/libsrc/standalone_v6_5/src -s include  "SHELL=/bin/sh" "COMPILER=mb-gcc" "ARCHIVER=mb-ar" "COMPILER_FLAGS= -O2 -c -mcpu=v10.0 -mlittle-endian -mno-xl-reorder -mno-xl-soft-mul -mxl-barrel-shift -mxl-pattern-compare" "EXTRA_COMPILER_FLAGS=-ffunction-sections -fdata-sections -Wall -Wextra"
Running Make include in microblaze_0/libsrc/uartlite_v3_2/src
make -C microblaze_0/libsrc/uartlite_v3_2/src -s include  "SHELL=/bin/sh" "COMPILER=mb-gcc" "ARCHIVER=mb-ar" "COMPILER_FLAGS= -O2 -c -mcpu=v10.0 -mlittle-endian -mno-xl-reorder -mno-xl-soft-mul -mxl-barrel-shift -mxl-pattern-compare" "EXTRA_COMPILER_FLAGS=-ffunction-sections -fdata-sections -Wall -Wextra"
Running Make include in microblaze_0/libsrc/bram_v4_2/src
make -C microblaze_0/libsrc/bram_v4_2/src -s include  "SHELL=/bin/sh" "COMPILER=mb-gcc" "ARCHIVER=mb-ar" "COMPILER_FLAGS= -O2 -c -mcpu=v10.0 -mlittle-endian -mno-xl-reorder -mno-xl-soft-mul -mxl-barrel-shift -mxl-pattern-compare" "EXTRA_COMPILER_FLAGS=-ffunction-sections -fdata-sections -Wall -Wextra"
Running Make include in microblaze_0/libsrc/gpio_v4_3/src
make -C microblaze_0/libsrc/gpio_v4_3/src -s include  "SHELL=/bin/sh" "COMPILER=mb-gcc" "ARCHIVER=mb-ar" "COMPILER_FLAGS= -O2 -c -mcpu=v10.0 -mlittle-endian -mno-xl-reorder -mno-xl-soft-mul -mxl-barrel-shift -mxl-pattern-compare" "EXTRA_COMPILER_FLAGS=-ffunction-sections -fdata-sections -Wall -Wextra"
Running Make include in microblaze_0/libsrc/intc_v3_7/src
make -C microblaze_0/libsrc/intc_v3_7/src -s include  "SHELL=/bin/sh" "COMPILER=mb-gcc" "ARCHIVER=mb-ar" "COMPILER_FLAGS= -O2 -c -mcpu=v10.0 -mlittle-endian -mno-xl-reorder -mno-xl-soft-mul -mxl-barrel-shift -mxl-pattern-compare" "EXTRA_COMPILER_FLAGS=-ffunction-sections -fdata-sections -Wall -Wextra"
Running Make include in microblaze_0/libsrc/tmrctr_v4_4/src
make -C microblaze_0/libsrc/tmrctr_v4_4/src -s include  "SHELL=/bin/sh" "COMPILER=mb-gcc" "ARCHIVER=mb-ar" "COMPILER_FLAGS= -O2 -c -mcpu=v10.0 -mlittle-endian -mno-xl-reorder -mno-xl-soft-mul -mxl-barrel-shift -mxl-pattern-compare" "EXTRA_COMPILER_FLAGS=-ffunction-sections -fdata-sections -Wall -Wextra"
Running Make libs in microblaze_0/libsrc/cpu_v2_6/src
make -C microblaze_0/libsrc/cpu_v2_6/src -s libs  "SHELL=/bin/sh" "COMPILER=mb-gcc" "ARCHIVER=mb-ar" "COMPILER_FLAGS= -O2 -c -mcpu=v10.0 -mlittle-endian -mno-xl-reorder -mno-xl-soft-mul -mxl-barrel-shift -mxl-pattern-compare" "EXTRA_COMPILER_FLAGS=-ffunction-sections -fdata-sections -Wall -Wextra"
Compiling cpu
mb-ar: creating ../../../lib/libxil.a
Running Make libs in microblaze_0/libsrc/standalone_v6_5/src
make -C microblaze_0/libsrc/standalone_v6_5/src -s libs  "SHELL=/bin/sh" "COMPILER=mb-gcc" "ARCHIVER=mb-ar" "COMPILER_FLAGS= -O2 -c -mcpu=v10.0 -mlittle-endian -mno-xl-reorder -mno-xl-soft-mul -mxl-barrel-shift -mxl-pattern-compare" "EXTRA_COMPILER_FLAGS=-ffunction-sections -fdata-sections -Wall -Wextra"
Compiling standalone
Running Make libs in microblaze_0/libsrc/uartlite_v3_2/src
make -C microblaze_0/libsrc/uartlite_v3_2/src -s libs  "SHELL=/bin/sh" "COMPILER=mb-gcc" "ARCHIVER=mb-ar" "COMPILER_FLAGS= -O2 -c -mcpu=v10.0 -mlittle-endian -mno-xl-reorder -mno-xl-soft-mul -mxl-barrel-shift -mxl-pattern-compare" "EXTRA_COMPILER_FLAGS=-ffunction-sections -fdata-sections -Wall -Wextra"
Compiling uartlite
Running Make libs in microblaze_0/libsrc/bram_v4_2/src
make -C microblaze_0/libsrc/bram_v4_2/src -s libs  "SHELL=/bin/sh" "COMPILER=mb-gcc" "ARCHIVER=mb-ar" "COMPILER_FLAGS= -O2 -c -mcpu=v10.0 -mlittle-endian -mno-xl-reorder -mno-xl-soft-mul -mxl-barrel-shift -mxl-pattern-compare" "EXTRA_COMPILER_FLAGS=-ffunction-sections -fdata-sections -Wall -Wextra"
Compiling bram
Running Make libs in microblaze_0/libsrc/gpio_v4_3/src
make -C microblaze_0/libsrc/gpio_v4_3/src -s libs  "SHELL=/bin/sh" "COMPILER=mb-gcc" "ARCHIVER=mb-ar" "COMPILER_FLAGS= -O2 -c -mcpu=v10.0 -mlittle-endian -mno-xl-reorder -mno-xl-soft-mul -mxl-barrel-shift -mxl-pattern-compare" "EXTRA_COMPILER_FLAGS=-ffunction-sections -fdata-sections -Wall -Wextra"
Compiling gpio
Running Make libs in microblaze_0/libsrc/intc_v3_7/src
make -C microblaze_0/libsrc/intc_v3_7/src -s libs  "SHELL=/bin/sh" "COMPILER=mb-gcc" "ARCHIVER=mb-ar" "COMPILER_FLAGS= -O2 -c -mcpu=v10.0 -mlittle-endian -mno-xl-reorder -mno-xl-soft-mul -mxl-barrel-shift -mxl-pattern-compare" "EXTRA_COMPILER_FLAGS=-ffunction-sections -fdata-sections -Wall -Wextra"
Compiling intc
Running Make libs in microblaze_0/libsrc/tmrctr_v4_4/src
make -C microblaze_0/libsrc/tmrctr_v4_4/src -s libs  "SHELL=/bin/sh" "COMPILER=mb-gcc" "ARCHIVER=mb-ar" "COMPILER_FLAGS= -O2 -c -mcpu=v10.0 -mlittle-endian -mno-xl-reorder -mno-xl-soft-mul -mxl-barrel-shift -mxl-pattern-compare" "EXTRA_COMPILER_FLAGS=-ffunction-sections -fdata-sections -Wall -Wextra"
Compiling tmrctr
Finished building libraries
16:01:08 **** Build of configuration Debug for project MusicNoteTrainer ****
make all 
Building file: ../src/main.c
Invoking: MicroBlaze gcc compiler
mb-gcc -Wall -O0 -g3 -c -fmessage-length=0 -MT"src/main.o" -I../../MusicNoteTrainer_bsp/microblaze_0/include -mno-xl-reorder -mlittle-endian -mxl-barrel-shift -mxl-pattern-compare -mcpu=v10.0 -mno-xl-soft-mul -Wl,--no-relax -ffunction-sections -fdata-sections -MMD -MP -MF"src/main.d" -MT"src/main.o" -o "src/main.o" "../src/main.c"
In file included from ../src/main.c:1:0:
../src/peripheral.h:20:12: warning: 'TmrCtrSetupIntrSystem' declared 'static' but never defined [-Wunused-function]
 static int TmrCtrSetupIntrSystem(XIntc *IntcInstancePtr,
            ^~~~~~~~~~~~~~~~~~~~~
../src/peripheral.h:26:13: warning: 'TimerCounterHandler' declared 'static' but never defined [-Wunused-function]
 static void TimerCounterHandler(void *CallBackRef, u8 TmrCtrNumber);
             ^~~~~~~~~~~~~~~~~~~
../src/peripheral.h:28:13: warning: 'TmrCtrDisableIntr' declared 'static' but never defined [-Wunused-function]
 static void TmrCtrDisableIntr(XIntc *IntcInstancePtr, u16 IntrId);
             ^~~~~~~~~~~~~~~~~
Finished building: ../src/main.c
 
Building file: ../src/peripheral.c
Invoking: MicroBlaze gcc compiler
mb-gcc -Wall -O0 -g3 -c -fmessage-length=0 -MT"src/peripheral.o" -I../../MusicNoteTrainer_bsp/microblaze_0/include -mno-xl-reorder -mlittle-endian -mxl-barrel-shift -mxl-pattern-compare -mcpu=v10.0 -mno-xl-soft-mul -Wl,--no-relax -ffunction-sections -fdata-sections -MMD -MP -MF"src/peripheral.d" -MT"src/peripheral.o" -o "src/peripheral.o" "../src/peripheral.c"
../src/peripheral.c:366:6: warning: 'TmrCtrDisableIntr' defined but not used [-Wunused-function]
 void TmrCtrDisableIntr(XIntc *IntcInstancePtr, u16 IntrId)
      ^~~~~~~~~~~~~~~~~
Finished building: ../src/peripheral.c
 
Building target: MusicNoteTrainer.elf
Invoking: MicroBlaze gcc linker
mb-gcc -Wl,-T -Wl,../src/lscript.ld -L../../MusicNoteTrainer_bsp/microblaze_0/lib -mlittle-endian -mxl-barrel-shift -mxl-pattern-compare -mcpu=v10.0 -mno-xl-soft-mul -Wl,--no-relax -Wl,--gc-sections -o "MusicNoteTrainer.elf"  ./src/main.o ./src/peripheral.o   -Wl,--start-group,-lxil,-lgcc,-lc,--end-group
Finished building target: MusicNoteTrainer.elf
 
Invoking: MicroBlaze Print Size
mb-size MusicNoteTrainer.elf  |tee "MusicNoteTrainer.elf.size"
   text	   data	    bss	    dec	    hex	filename
  11168	    372	   3348	  14888	   3a28	MusicNoteTrainer.elf
Finished building: MusicNoteTrainer.elf.size
 
16:02:10 **** Auto Build of configuration Debug for project MusicNoteTrainer ****
make all 
Building file: ../src/main.c
Invoking: MicroBlaze gcc compiler
mb-gcc -Wall -O0 -g3 -c -fmessage-length=0 -MT"src/main.o" -I../../MusicNoteTrainer_bsp/microblaze_0/include -mno-xl-reorder -mlittle-endian -mxl-barrel-shift -mxl-pattern-compare -mcpu=v10.0 -mno-xl-soft-mul -Wl,--no-relax -ffunction-sections -fdata-sections -MMD -MP -MF"src/main.d" -MT"src/main.o" -o "src/main.o" "../src/main.c"
In file included from ../src/main.c:1:0:
../src/peripheral.h:20:12: warning: 'TmrCtrSetupIntrSystem' declared 'static' but never defined [-Wunused-function]
 static int TmrCtrSetupIntrSystem(XIntc *IntcInstancePtr,
            ^~~~~~~~~~~~~~~~~~~~~
../src/peripheral.h:26:13: warning: 'TimerCounterHandler' declared 'static' but never defined [-Wunused-function]
 static void TimerCounterHandler(void *CallBackRef, u8 TmrCtrNumber);
             ^~~~~~~~~~~~~~~~~~~
../src/peripheral.h:28:13: warning: 'TmrCtrDisableIntr' declared 'static' but never defined [-Wunused-function]
 static void TmrCtrDisableIntr(XIntc *IntcInstancePtr, u16 IntrId);
             ^~~~~~~~~~~~~~~~~
Finished building: ../src/main.c
 
Building target: MusicNoteTrainer.elf
Invoking: MicroBlaze gcc linker
mb-gcc -Wl,-T -Wl,../src/lscript.ld -L../../MusicNoteTrainer_bsp/microblaze_0/lib -mlittle-endian -mxl-barrel-shift -mxl-pattern-compare -mcpu=v10.0 -mno-xl-soft-mul -Wl,--no-relax -Wl,--gc-sections -o "MusicNoteTrainer.elf"  ./src/main.o ./src/peripheral.o   -Wl,--start-group,-lxil,-lgcc,-lc,--end-group
Finished building target: MusicNoteTrainer.elf
 
Invoking: MicroBlaze Print Size
mb-size MusicNoteTrainer.elf  |tee "MusicNoteTrainer.elf.size"
   text	   data	    bss	    dec	    hex	filename
  11168	    372	   3348	  14888	   3a28	MusicNoteTrainer.elf
Finished building: MusicNoteTrainer.elf.size
 
16:02:14 **** Incremental Build of configuration Debug for project MusicNoteTrainer ****
make all 
make: Nothing to be done for 'all'.
16:02:30 **** Auto Build of configuration Debug for project MusicNoteTrainer ****
make all 
Building file: ../src/main.c
Invoking: MicroBlaze gcc compiler
mb-gcc -Wall -O0 -g3 -c -fmessage-length=0 -MT"src/main.o" -I../../MusicNoteTrainer_bsp/microblaze_0/include -mno-xl-reorder -mlittle-endian -mxl-barrel-shift -mxl-pattern-compare -mcpu=v10.0 -mno-xl-soft-mul -Wl,--no-relax -ffunction-sections -fdata-sections -MMD -MP -MF"src/main.d" -MT"src/main.o" -o "src/main.o" "../src/main.c"
In file included from ../src/main.c:1:0:
../src/peripheral.h:20:12: warning: 'TmrCtrSetupIntrSystem' declared 'static' but never defined [-Wunused-function]
 static int TmrCtrSetupIntrSystem(XIntc *IntcInstancePtr,
            ^~~~~~~~~~~~~~~~~~~~~
../src/peripheral.h:26:13: warning: 'TimerCounterHandler' declared 'static' but never defined [-Wunused-function]
 static void TimerCounterHandler(void *CallBackRef, u8 TmrCtrNumber);
             ^~~~~~~~~~~~~~~~~~~
../src/peripheral.h:28:13: warning: 'TmrCtrDisableIntr' declared 'static' but never defined [-Wunused-function]
 static void TmrCtrDisableIntr(XIntc *IntcInstancePtr, u16 IntrId);
             ^~~~~~~~~~~~~~~~~
Finished building: ../src/main.c
 
Building target: MusicNoteTrainer.elf
Invoking: MicroBlaze gcc linker
mb-gcc -Wl,-T -Wl,../src/lscript.ld -L../../MusicNoteTrainer_bsp/microblaze_0/lib -mlittle-endian -mxl-barrel-shift -mxl-pattern-compare -mcpu=v10.0 -mno-xl-soft-mul -Wl,--no-relax -Wl,--gc-sections -o "MusicNoteTrainer.elf"  ./src/main.o ./src/peripheral.o   -Wl,--start-group,-lxil,-lgcc,-lc,--end-group
Finished building target: MusicNoteTrainer.elf
 
Invoking: MicroBlaze Print Size
mb-size MusicNoteTrainer.elf  |tee "MusicNoteTrainer.elf.size"
   text	   data	    bss	    dec	    hex	filename
  11168	    372	   3348	  14888	   3a28	MusicNoteTrainer.elf
Finished building: MusicNoteTrainer.elf.size
 
16:02:33 **** Incremental Build of configuration Debug for project MusicNoteTrainer ****
make all 
make: Nothing to be done for 'all'.
16:02:45 **** Auto Build of configuration Debug for project MusicNoteTrainer ****
make all 
Building file: ../src/main.c
Invoking: MicroBlaze gcc compiler
mb-gcc -Wall -O0 -g3 -c -fmessage-length=0 -MT"src/main.o" -I../../MusicNoteTrainer_bsp/microblaze_0/include -mno-xl-reorder -mlittle-endian -mxl-barrel-shift -mxl-pattern-compare -mcpu=v10.0 -mno-xl-soft-mul -Wl,--no-relax -ffunction-sections -fdata-sections -MMD -MP -MF"src/main.d" -MT"src/main.o" -o "src/main.o" "../src/main.c"
In file included from ../src/main.c:1:0:
../src/peripheral.h:20:12: warning: 'TmrCtrSetupIntrSystem' declared 'static' but never defined [-Wunused-function]
 static int TmrCtrSetupIntrSystem(XIntc *IntcInstancePtr,
            ^~~~~~~~~~~~~~~~~~~~~
../src/peripheral.h:26:13: warning: 'TimerCounterHandler' declared 'static' but never defined [-Wunused-function]
 static void TimerCounterHandler(void *CallBackRef, u8 TmrCtrNumber);
             ^~~~~~~~~~~~~~~~~~~
../src/peripheral.h:28:13: warning: 'TmrCtrDisableIntr' declared 'static' but never defined [-Wunused-function]
 static void TmrCtrDisableIntr(XIntc *IntcInstancePtr, u16 IntrId);
             ^~~~~~~~~~~~~~~~~
Finished building: ../src/main.c
 
Building target: MusicNoteTrainer.elf
Invoking: MicroBlaze gcc linker
mb-gcc -Wl,-T -Wl,../src/lscript.ld -L../../MusicNoteTrainer_bsp/microblaze_0/lib -mlittle-endian -mxl-barrel-shift -mxl-pattern-compare -mcpu=v10.0 -mno-xl-soft-mul -Wl,--no-relax -Wl,--gc-sections -o "MusicNoteTrainer.elf"  ./src/main.o ./src/peripheral.o   -Wl,--start-group,-lxil,-lgcc,-lc,--end-group
Finished building target: MusicNoteTrainer.elf
 
Invoking: MicroBlaze Print Size
mb-size MusicNoteTrainer.elf  |tee "MusicNoteTrainer.elf.size"
   text	   data	    bss	    dec	    hex	filename
  11168	    372	   3348	  14888	   3a28	MusicNoteTrainer.elf
Finished building: MusicNoteTrainer.elf.size
 
16:02:48 **** Incremental Build of configuration Debug for project MusicNoteTrainer ****
make all 
make: Nothing to be done for 'all'.
16:11:19 **** Clean-only build of project MusicNoteTrainer_bsp ****
make -k clean 
make -C microblaze_0/libsrc/cpu_v2_6/src -s clean 
make -C microblaze_0/libsrc/standalone_v6_5/src -s clean 
make -C microblaze_0/libsrc/uartlite_v3_2/src -s clean 
make -C microblaze_0/libsrc/bram_v4_2/src -s clean 
make -C microblaze_0/libsrc/gpio_v4_3/src -s clean 
make -C microblaze_0/libsrc/intc_v3_7/src -s clean 
make -C microblaze_0/libsrc/tmrctr_v4_4/src -s clean 
rm -f microblaze_0/lib/libxil.a
16:11:20 **** Clean-only build of configuration Debug for project MusicNoteTrainer ****
make clean 
rm -rf  ./src/main.o ./src/peripheral.o  ./src/main.d ./src/peripheral.d  MusicNoteTrainer.elf.size  MusicNoteTrainer.elf
 
16:11:21 **** Build of project MusicNoteTrainer_bsp ****
make -k all 
Running Make include in microblaze_0/libsrc/cpu_v2_6/src
make -C microblaze_0/libsrc/cpu_v2_6/src -s include  "SHELL=/bin/sh" "COMPILER=mb-gcc" "ARCHIVER=mb-ar" "COMPILER_FLAGS= -O2 -c -mcpu=v10.0 -mlittle-endian -mno-xl-reorder -mno-xl-soft-mul -mxl-barrel-shift -mxl-pattern-compare" "EXTRA_COMPILER_FLAGS=-ffunction-sections -fdata-sections -Wall -Wextra"
Running Make include in microblaze_0/libsrc/standalone_v6_5/src
make -C microblaze_0/libsrc/standalone_v6_5/src -s include  "SHELL=/bin/sh" "COMPILER=mb-gcc" "ARCHIVER=mb-ar" "COMPILER_FLAGS= -O2 -c -mcpu=v10.0 -mlittle-endian -mno-xl-reorder -mno-xl-soft-mul -mxl-barrel-shift -mxl-pattern-compare" "EXTRA_COMPILER_FLAGS=-ffunction-sections -fdata-sections -Wall -Wextra"
Running Make include in microblaze_0/libsrc/uartlite_v3_2/src
make -C microblaze_0/libsrc/uartlite_v3_2/src -s include  "SHELL=/bin/sh" "COMPILER=mb-gcc" "ARCHIVER=mb-ar" "COMPILER_FLAGS= -O2 -c -mcpu=v10.0 -mlittle-endian -mno-xl-reorder -mno-xl-soft-mul -mxl-barrel-shift -mxl-pattern-compare" "EXTRA_COMPILER_FLAGS=-ffunction-sections -fdata-sections -Wall -Wextra"
Running Make include in microblaze_0/libsrc/bram_v4_2/src
make -C microblaze_0/libsrc/bram_v4_2/src -s include  "SHELL=/bin/sh" "COMPILER=mb-gcc" "ARCHIVER=mb-ar" "COMPILER_FLAGS= -O2 -c -mcpu=v10.0 -mlittle-endian -mno-xl-reorder -mno-xl-soft-mul -mxl-barrel-shift -mxl-pattern-compare" "EXTRA_COMPILER_FLAGS=-ffunction-sections -fdata-sections -Wall -Wextra"
Running Make include in microblaze_0/libsrc/gpio_v4_3/src
make -C microblaze_0/libsrc/gpio_v4_3/src -s include  "SHELL=/bin/sh" "COMPILER=mb-gcc" "ARCHIVER=mb-ar" "COMPILER_FLAGS= -O2 -c -mcpu=v10.0 -mlittle-endian -mno-xl-reorder -mno-xl-soft-mul -mxl-barrel-shift -mxl-pattern-compare" "EXTRA_COMPILER_FLAGS=-ffunction-sections -fdata-sections -Wall -Wextra"
Running Make include in microblaze_0/libsrc/intc_v3_7/src
make -C microblaze_0/libsrc/intc_v3_7/src -s include  "SHELL=/bin/sh" "COMPILER=mb-gcc" "ARCHIVER=mb-ar" "COMPILER_FLAGS= -O2 -c -mcpu=v10.0 -mlittle-endian -mno-xl-reorder -mno-xl-soft-mul -mxl-barrel-shift -mxl-pattern-compare" "EXTRA_COMPILER_FLAGS=-ffunction-sections -fdata-sections -Wall -Wextra"
Running Make include in microblaze_0/libsrc/tmrctr_v4_4/src
make -C microblaze_0/libsrc/tmrctr_v4_4/src -s include  "SHELL=/bin/sh" "COMPILER=mb-gcc" "ARCHIVER=mb-ar" "COMPILER_FLAGS= -O2 -c -mcpu=v10.0 -mlittle-endian -mno-xl-reorder -mno-xl-soft-mul -mxl-barrel-shift -mxl-pattern-compare" "EXTRA_COMPILER_FLAGS=-ffunction-sections -fdata-sections -Wall -Wextra"
Running Make libs in microblaze_0/libsrc/cpu_v2_6/src
make -C microblaze_0/libsrc/cpu_v2_6/src -s libs  "SHELL=/bin/sh" "COMPILER=mb-gcc" "ARCHIVER=mb-ar" "COMPILER_FLAGS= -O2 -c -mcpu=v10.0 -mlittle-endian -mno-xl-reorder -mno-xl-soft-mul -mxl-barrel-shift -mxl-pattern-compare" "EXTRA_COMPILER_FLAGS=-ffunction-sections -fdata-sections -Wall -Wextra"
Compiling cpu
mb-ar: creating ../../../lib/libxil.a
Running Make libs in microblaze_0/libsrc/standalone_v6_5/src
make -C microblaze_0/libsrc/standalone_v6_5/src -s libs  "SHELL=/bin/sh" "COMPILER=mb-gcc" "ARCHIVER=mb-ar" "COMPILER_FLAGS= -O2 -c -mcpu=v10.0 -mlittle-endian -mno-xl-reorder -mno-xl-soft-mul -mxl-barrel-shift -mxl-pattern-compare" "EXTRA_COMPILER_FLAGS=-ffunction-sections -fdata-sections -Wall -Wextra"
Compiling standalone
Running Make libs in microblaze_0/libsrc/uartlite_v3_2/src
make -C microblaze_0/libsrc/uartlite_v3_2/src -s libs  "SHELL=/bin/sh" "COMPILER=mb-gcc" "ARCHIVER=mb-ar" "COMPILER_FLAGS= -O2 -c -mcpu=v10.0 -mlittle-endian -mno-xl-reorder -mno-xl-soft-mul -mxl-barrel-shift -mxl-pattern-compare" "EXTRA_COMPILER_FLAGS=-ffunction-sections -fdata-sections -Wall -Wextra"
Compiling uartlite
Running Make libs in microblaze_0/libsrc/bram_v4_2/src
make -C microblaze_0/libsrc/bram_v4_2/src -s libs  "SHELL=/bin/sh" "COMPILER=mb-gcc" "ARCHIVER=mb-ar" "COMPILER_FLAGS= -O2 -c -mcpu=v10.0 -mlittle-endian -mno-xl-reorder -mno-xl-soft-mul -mxl-barrel-shift -mxl-pattern-compare" "EXTRA_COMPILER_FLAGS=-ffunction-sections -fdata-sections -Wall -Wextra"
Compiling bram
Running Make libs in microblaze_0/libsrc/gpio_v4_3/src
make -C microblaze_0/libsrc/gpio_v4_3/src -s libs  "SHELL=/bin/sh" "COMPILER=mb-gcc" "ARCHIVER=mb-ar" "COMPILER_FLAGS= -O2 -c -mcpu=v10.0 -mlittle-endian -mno-xl-reorder -mno-xl-soft-mul -mxl-barrel-shift -mxl-pattern-compare" "EXTRA_COMPILER_FLAGS=-ffunction-sections -fdata-sections -Wall -Wextra"
Compiling gpio
Running Make libs in microblaze_0/libsrc/intc_v3_7/src
make -C microblaze_0/libsrc/intc_v3_7/src -s libs  "SHELL=/bin/sh" "COMPILER=mb-gcc" "ARCHIVER=mb-ar" "COMPILER_FLAGS= -O2 -c -mcpu=v10.0 -mlittle-endian -mno-xl-reorder -mno-xl-soft-mul -mxl-barrel-shift -mxl-pattern-compare" "EXTRA_COMPILER_FLAGS=-ffunction-sections -fdata-sections -Wall -Wextra"
Compiling intc
Running Make libs in microblaze_0/libsrc/tmrctr_v4_4/src
make -C microblaze_0/libsrc/tmrctr_v4_4/src -s libs  "SHELL=/bin/sh" "COMPILER=mb-gcc" "ARCHIVER=mb-ar" "COMPILER_FLAGS= -O2 -c -mcpu=v10.0 -mlittle-endian -mno-xl-reorder -mno-xl-soft-mul -mxl-barrel-shift -mxl-pattern-compare" "EXTRA_COMPILER_FLAGS=-ffunction-sections -fdata-sections -Wall -Wextra"
Compiling tmrctr
Finished building libraries
16:11:24 **** Build of configuration Debug for project MusicNoteTrainer ****
make all 
Building file: ../src/main.c
Invoking: MicroBlaze gcc compiler
mb-gcc -Wall -O0 -g3 -c -fmessage-length=0 -MT"src/main.o" -I../../MusicNoteTrainer_bsp/microblaze_0/include -mno-xl-reorder -mlittle-endian -mxl-barrel-shift -mxl-pattern-compare -mcpu=v10.0 -mno-xl-soft-mul -Wl,--no-relax -ffunction-sections -fdata-sections -MMD -MP -MF"src/main.d" -MT"src/main.o" -o "src/main.o" "../src/main.c"
In file included from ../src/main.c:1:0:
../src/peripheral.h:20:12: warning: 'TmrCtrSetupIntrSystem' declared 'static' but never defined [-Wunused-function]
 static int TmrCtrSetupIntrSystem(XIntc *IntcInstancePtr,
            ^~~~~~~~~~~~~~~~~~~~~
../src/peripheral.h:26:13: warning: 'TimerCounterHandler' declared 'static' but never defined [-Wunused-function]
 static void TimerCounterHandler(void *CallBackRef, u8 TmrCtrNumber);
             ^~~~~~~~~~~~~~~~~~~
../src/peripheral.h:28:13: warning: 'TmrCtrDisableIntr' declared 'static' but never defined [-Wunused-function]
 static void TmrCtrDisableIntr(XIntc *IntcInstancePtr, u16 IntrId);
             ^~~~~~~~~~~~~~~~~
Finished building: ../src/main.c
 
Building file: ../src/peripheral.c
Invoking: MicroBlaze gcc compiler
mb-gcc -Wall -O0 -g3 -c -fmessage-length=0 -MT"src/peripheral.o" -I../../MusicNoteTrainer_bsp/microblaze_0/include -mno-xl-reorder -mlittle-endian -mxl-barrel-shift -mxl-pattern-compare -mcpu=v10.0 -mno-xl-soft-mul -Wl,--no-relax -ffunction-sections -fdata-sections -MMD -MP -MF"src/peripheral.d" -MT"src/peripheral.o" -o "src/peripheral.o" "../src/peripheral.c"
../src/peripheral.c:366:6: warning: 'TmrCtrDisableIntr' defined but not used [-Wunused-function]
 void TmrCtrDisableIntr(XIntc *IntcInstancePtr, u16 IntrId)
      ^~~~~~~~~~~~~~~~~
Finished building: ../src/peripheral.c
 
Building target: MusicNoteTrainer.elf
Invoking: MicroBlaze gcc linker
mb-gcc -Wl,-T -Wl,../src/lscript.ld -L../../MusicNoteTrainer_bsp/microblaze_0/lib -mlittle-endian -mxl-barrel-shift -mxl-pattern-compare -mcpu=v10.0 -mno-xl-soft-mul -Wl,--no-relax -Wl,--gc-sections -o "MusicNoteTrainer.elf"  ./src/main.o ./src/peripheral.o   -Wl,--start-group,-lxil,-lgcc,-lc,--end-group
Finished building target: MusicNoteTrainer.elf
 
Invoking: MicroBlaze Print Size
mb-size MusicNoteTrainer.elf  |tee "MusicNoteTrainer.elf.size"
   text	   data	    bss	    dec	    hex	filename
  11168	    372	   3348	  14888	   3a28	MusicNoteTrainer.elf
Finished building: MusicNoteTrainer.elf.size
 
16:11:54 **** Incremental Build of configuration Debug for project MusicNoteTrainer ****
make all 
make: Nothing to be done for 'all'.
16:12:04 **** Auto Build of configuration Debug for project MusicNoteTrainer ****
make all 
Building file: ../src/main.c
Invoking: MicroBlaze gcc compiler
mb-gcc -Wall -O0 -g3 -c -fmessage-length=0 -MT"src/main.o" -I../../MusicNoteTrainer_bsp/microblaze_0/include -mno-xl-reorder -mlittle-endian -mxl-barrel-shift -mxl-pattern-compare -mcpu=v10.0 -mno-xl-soft-mul -Wl,--no-relax -ffunction-sections -fdata-sections -MMD -MP -MF"src/main.d" -MT"src/main.o" -o "src/main.o" "../src/main.c"
In file included from ../src/main.c:1:0:
../src/peripheral.h:20:12: warning: 'TmrCtrSetupIntrSystem' declared 'static' but never defined [-Wunused-function]
 static int TmrCtrSetupIntrSystem(XIntc *IntcInstancePtr,
            ^~~~~~~~~~~~~~~~~~~~~
../src/peripheral.h:26:13: warning: 'TimerCounterHandler' declared 'static' but never defined [-Wunused-function]
 static void TimerCounterHandler(void *CallBackRef, u8 TmrCtrNumber);
             ^~~~~~~~~~~~~~~~~~~
../src/peripheral.h:28:13: warning: 'TmrCtrDisableIntr' declared 'static' but never defined [-Wunused-function]
 static void TmrCtrDisableIntr(XIntc *IntcInstancePtr, u16 IntrId);
             ^~~~~~~~~~~~~~~~~
Finished building: ../src/main.c
 
Building target: MusicNoteTrainer.elf
Invoking: MicroBlaze gcc linker
[...]
Finished building target: MusicNoteTrainer.elf
 
Invoking: MicroBlaze Print Size
mb-size MusicNoteTrainer.elf  |tee "MusicNoteTrainer.elf.size"
   text	   data	    bss	    dec	    hex	filename
  12404	    388	   3376	  16168	   3f28	MusicNoteTrainer.elf
Finished building: MusicNoteTrainer.elf.size
 
00:52:53 **** Auto Build of configuration Debug for project MusicNoteTrainer ****
make all 
Building file: ../src/peripheral.c
Invoking: MicroBlaze gcc compiler
mb-gcc -Wall -O0 -g3 -c -fmessage-length=0 -MT"src/peripheral.o" -I../../MusicNoteTrainer_bsp/microblaze_0/include -mno-xl-reorder -mlittle-endian -mxl-barrel-shift -mxl-pattern-compare -mcpu=v10.0 -mno-xl-soft-mul -Wl,--no-relax -ffunction-sections -fdata-sections -MMD -MP -MF"src/peripheral.d" -MT"src/peripheral.o" -o "src/peripheral.o" "../src/peripheral.c"
../src/peripheral.c: In function 'startTimer':
../src/peripheral.c:261:1: warning: control reaches end of non-void function [-Wreturn-type]
 }
 ^
At top level:
../src/peripheral.c:317:6: warning: 'TmrCtrDisableIntr' defined but not used [-Wunused-function]
 void TmrCtrDisableIntr(XIntc *IntcInstancePtr, u16 IntrId)
      ^~~~~~~~~~~~~~~~~
Finished building: ../src/peripheral.c
 
Building target: MusicNoteTrainer.elf
Invoking: MicroBlaze gcc linker
mb-gcc -Wl,-T -Wl,../src/lscript.ld -L../../MusicNoteTrainer_bsp/microblaze_0/lib -mlittle-endian -mxl-barrel-shift -mxl-pattern-compare -mcpu=v10.0 -mno-xl-soft-mul -Wl,--no-relax -Wl,--gc-sections -o "MusicNoteTrainer.elf"  ./src/main.o ./src/peripheral.o   -Wl,--start-group,-lxil,-lgcc,-lc,--end-group
Finished building target: MusicNoteTrainer.elf
 
Invoking: MicroBlaze Print Size
mb-size MusicNoteTrainer.elf  |tee "MusicNoteTrainer.elf.size"
   text	   data	    bss	    dec	    hex	filename
  12404	    388	   3376	  16168	   3f28	MusicNoteTrainer.elf
Finished building: MusicNoteTrainer.elf.size
 
00:53:27 **** Auto Build of configuration Debug for project MusicNoteTrainer ****
make all 
Building file: ../src/peripheral.c
Invoking: MicroBlaze gcc compiler
mb-gcc -Wall -O0 -g3 -c -fmessage-length=0 -MT"src/peripheral.o" -I../../MusicNoteTrainer_bsp/microblaze_0/include -mno-xl-reorder -mlittle-endian -mxl-barrel-shift -mxl-pattern-compare -mcpu=v10.0 -mno-xl-soft-mul -Wl,--no-relax -ffunction-sections -fdata-sections -MMD -MP -MF"src/peripheral.d" -MT"src/peripheral.o" -o "src/peripheral.o" "../src/peripheral.c"
../src/peripheral.c: In function 'startTimer':
../src/peripheral.c:263:1: warning: control reaches end of non-void function [-Wreturn-type]
 }
 ^
At top level:
../src/peripheral.c:319:6: warning: 'TmrCtrDisableIntr' defined but not used [-Wunused-function]
 void TmrCtrDisableIntr(XIntc *IntcInstancePtr, u16 IntrId)
      ^~~~~~~~~~~~~~~~~
Finished building: ../src/peripheral.c
 
Building target: MusicNoteTrainer.elf
Invoking: MicroBlaze gcc linker
mb-gcc -Wl,-T -Wl,../src/lscript.ld -L../../MusicNoteTrainer_bsp/microblaze_0/lib -mlittle-endian -mxl-barrel-shift -mxl-pattern-compare -mcpu=v10.0 -mno-xl-soft-mul -Wl,--no-relax -Wl,--gc-sections -o "MusicNoteTrainer.elf"  ./src/main.o ./src/peripheral.o   -Wl,--start-group,-lxil,-lgcc,-lc,--end-group
Finished building target: MusicNoteTrainer.elf
 
Invoking: MicroBlaze Print Size
mb-size MusicNoteTrainer.elf  |tee "MusicNoteTrainer.elf.size"
   text	   data	    bss	    dec	    hex	filename
  12404	    388	   3376	  16168	   3f28	MusicNoteTrainer.elf
Finished building: MusicNoteTrainer.elf.size
 
00:53:46 **** Auto Build of configuration Debug for project MusicNoteTrainer ****
make all 
Building file: ../src/peripheral.c
Invoking: MicroBlaze gcc compiler
mb-gcc -Wall -O0 -g3 -c -fmessage-length=0 -MT"src/peripheral.o" -I../../MusicNoteTrainer_bsp/microblaze_0/include -mno-xl-reorder -mlittle-endian -mxl-barrel-shift -mxl-pattern-compare -mcpu=v10.0 -mno-xl-soft-mul -Wl,--no-relax -ffunction-sections -fdata-sections -MMD -MP -MF"src/peripheral.d" -MT"src/peripheral.o" -o "src/peripheral.o" "../src/peripheral.c"
../src/peripheral.c: In function 'startTimer':
../src/peripheral.c:260:1: warning: control reaches end of non-void function [-Wreturn-type]
 }
 ^
At top level:
../src/peripheral.c:316:6: warning: 'TmrCtrDisableIntr' defined but not used [-Wunused-function]
 void TmrCtrDisableIntr(XIntc *IntcInstancePtr, u16 IntrId)
      ^~~~~~~~~~~~~~~~~
Finished building: ../src/peripheral.c
 
Building target: MusicNoteTrainer.elf
Invoking: MicroBlaze gcc linker
mb-gcc -Wl,-T -Wl,../src/lscript.ld -L../../MusicNoteTrainer_bsp/microblaze_0/lib -mlittle-endian -mxl-barrel-shift -mxl-pattern-compare -mcpu=v10.0 -mno-xl-soft-mul -Wl,--no-relax -Wl,--gc-sections -o "MusicNoteTrainer.elf"  ./src/main.o ./src/peripheral.o   -Wl,--start-group,-lxil,-lgcc,-lc,--end-group
Finished building target: MusicNoteTrainer.elf
 
Invoking: MicroBlaze Print Size
mb-size MusicNoteTrainer.elf  |tee "MusicNoteTrainer.elf.size"
   text	   data	    bss	    dec	    hex	filename
  12404	    388	   3376	  16168	   3f28	MusicNoteTrainer.elf
Finished building: MusicNoteTrainer.elf.size
 
00:53:51 **** Auto Build of configuration Debug for project MusicNoteTrainer ****
make all 
Building file: ../src/peripheral.c
Invoking: MicroBlaze gcc compiler
mb-gcc -Wall -O0 -g3 -c -fmessage-length=0 -MT"src/peripheral.o" -I../../MusicNoteTrainer_bsp/microblaze_0/include -mno-xl-reorder -mlittle-endian -mxl-barrel-shift -mxl-pattern-compare -mcpu=v10.0 -mno-xl-soft-mul -Wl,--no-relax -ffunction-sections -fdata-sections -MMD -MP -MF"src/peripheral.d" -MT"src/peripheral.o" -o "src/peripheral.o" "../src/peripheral.c"
../src/peripheral.c:318:6: warning: 'TmrCtrDisableIntr' defined but not used [-Wunused-function]
 void TmrCtrDisableIntr(XIntc *IntcInstancePtr, u16 IntrId)
      ^~~~~~~~~~~~~~~~~
Finished building: ../src/peripheral.c
 
Building target: MusicNoteTrainer.elf
Invoking: MicroBlaze gcc linker
mb-gcc -Wl,-T -Wl,../src/lscript.ld -L../../MusicNoteTrainer_bsp/microblaze_0/lib -mlittle-endian -mxl-barrel-shift -mxl-pattern-compare -mcpu=v10.0 -mno-xl-soft-mul -Wl,--no-relax -Wl,--gc-sections -o "MusicNoteTrainer.elf"  ./src/main.o ./src/peripheral.o   -Wl,--start-group,-lxil,-lgcc,-lc,--end-group
Finished building target: MusicNoteTrainer.elf
 
Invoking: MicroBlaze Print Size
mb-size MusicNoteTrainer.elf  |tee "MusicNoteTrainer.elf.size"
   text	   data	    bss	    dec	    hex	filename
  12404	    388	   3376	  16168	   3f28	MusicNoteTrainer.elf
Finished building: MusicNoteTrainer.elf.size
 
00:54:30 **** Auto Build of configuration Debug for project MusicNoteTrainer ****
make all 
Building file: ../src/peripheral.c
Invoking: MicroBlaze gcc compiler
mb-gcc -Wall -O0 -g3 -c -fmessage-length=0 -MT"src/peripheral.o" -I../../MusicNoteTrainer_bsp/microblaze_0/include -mno-xl-reorder -mlittle-endian -mxl-barrel-shift -mxl-pattern-compare -mcpu=v10.0 -mno-xl-soft-mul -Wl,--no-relax -ffunction-sections -fdata-sections -MMD -MP -MF"src/peripheral.d" -MT"src/peripheral.o" -o "src/peripheral.o" "../src/peripheral.c"
../src/peripheral.c:319:6: warning: 'TmrCtrDisableIntr' defined but not used [-Wunused-function]
 void TmrCtrDisableIntr(XIntc *IntcInstancePtr, u16 IntrId)
      ^~~~~~~~~~~~~~~~~
Finished building: ../src/peripheral.c
 
Building target: MusicNoteTrainer.elf
Invoking: MicroBlaze gcc linker
mb-gcc -Wl,-T -Wl,../src/lscript.ld -L../../MusicNoteTrainer_bsp/microblaze_0/lib -mlittle-endian -mxl-barrel-shift -mxl-pattern-compare -mcpu=v10.0 -mno-xl-soft-mul -Wl,--no-relax -Wl,--gc-sections -o "MusicNoteTrainer.elf"  ./src/main.o ./src/peripheral.o   -Wl,--start-group,-lxil,-lgcc,-lc,--end-group
Finished building target: MusicNoteTrainer.elf
 
Invoking: MicroBlaze Print Size
mb-size MusicNoteTrainer.elf  |tee "MusicNoteTrainer.elf.size"
   text	   data	    bss	    dec	    hex	filename
  12444	    388	   3376	  16208	   3f50	MusicNoteTrainer.elf
Finished building: MusicNoteTrainer.elf.size
 
00:55:16 **** Auto Build of configuration Debug for project MusicNoteTrainer ****
make all 
Building file: ../src/main.c
Invoking: MicroBlaze gcc compiler
mb-gcc -Wall -O0 -g3 -c -fmessage-length=0 -MT"src/main.o" -I../../MusicNoteTrainer_bsp/microblaze_0/include -mno-xl-reorder -mlittle-endian -mxl-barrel-shift -mxl-pattern-compare -mcpu=v10.0 -mno-xl-soft-mul -Wl,--no-relax -ffunction-sections -fdata-sections -MMD -MP -MF"src/main.d" -MT"src/main.o" -o "src/main.o" "../src/main.c"
In file included from ../src/main.c:1:0:
../src/peripheral.h:15:13: warning: 'TimerCounterHandler' declared 'static' but never defined [-Wunused-function]
 static void TimerCounterHandler(void *CallBackRef, u8 TmrCtrNumber);
             ^~~~~~~~~~~~~~~~~~~
../src/peripheral.h:17:13: warning: 'KbdInterruptHandler' declared 'static' but never defined [-Wunused-function]
 static void KbdInterruptHandler(void *CallbackRef);
             ^~~~~~~~~~~~~~~~~~~
../src/peripheral.h:19:13: warning: 'TmrCtrDisableIntr' declared 'static' but never defined [-Wunused-function]
 static void TmrCtrDisableIntr(XIntc *IntcInstancePtr, u16 IntrId);
             ^~~~~~~~~~~~~~~~~
Finished building: ../src/main.c
 
Building target: MusicNoteTrainer.elf
Invoking: MicroBlaze gcc linker
mb-gcc -Wl,-T -Wl,../src/lscript.ld -L../../MusicNoteTrainer_bsp/microblaze_0/lib -mlittle-endian -mxl-barrel-shift -mxl-pattern-compare -mcpu=v10.0 -mno-xl-soft-mul -Wl,--no-relax -Wl,--gc-sections -o "MusicNoteTrainer.elf"  ./src/main.o ./src/peripheral.o   -Wl,--start-group,-lxil,-lgcc,-lc,--end-group
Finished building target: MusicNoteTrainer.elf
 
Invoking: MicroBlaze Print Size
mb-size MusicNoteTrainer.elf  |tee "MusicNoteTrainer.elf.size"
   text	   data	    bss	    dec	    hex	filename
  12440	    388	   3372	  16200	   3f48	MusicNoteTrainer.elf
Finished building: MusicNoteTrainer.elf.size
 
00:55:22 **** Auto Build of configuration Debug for project MusicNoteTrainer ****
make all 
Building file: ../src/main.c
Invoking: MicroBlaze gcc compiler
mb-gcc -Wall -O0 -g3 -c -fmessage-length=0 -MT"src/main.o" -I../../MusicNoteTrainer_bsp/microblaze_0/include -mno-xl-reorder -mlittle-endian -mxl-barrel-shift -mxl-pattern-compare -mcpu=v10.0 -mno-xl-soft-mul -Wl,--no-relax -ffunction-sections -fdata-sections -MMD -MP -MF"src/main.d" -MT"src/main.o" -o "src/main.o" "../src/main.c"
In file included from ../src/main.c:1:0:
../src/peripheral.h:15:13: warning: 'TimerCounterHandler' declared 'static' but never defined [-Wunused-function]
 static void TimerCounterHandler(void *CallBackRef, u8 TmrCtrNumber);
             ^~~~~~~~~~~~~~~~~~~
../src/peripheral.h:17:13: warning: 'KbdInterruptHandler' declared 'static' but never defined [-Wunused-function]
 static void KbdInterruptHandler(void *CallbackRef);
             ^~~~~~~~~~~~~~~~~~~
../src/peripheral.h:19:13: warning: 'TmrCtrDisableIntr' declared 'static' but never defined [-Wunused-function]
 static void TmrCtrDisableIntr(XIntc *IntcInstancePtr, u16 IntrId);
             ^~~~~~~~~~~~~~~~~
Finished building: ../src/main.c
 
Building target: MusicNoteTrainer.elf
Invoking: MicroBlaze gcc linker
mb-gcc -Wl,-T -Wl,../src/lscript.ld -L../../MusicNoteTrainer_bsp/microblaze_0/lib -mlittle-endian -mxl-barrel-shift -mxl-pattern-compare -mcpu=v10.0 -mno-xl-soft-mul -Wl,--no-relax -Wl,--gc-sections -o "MusicNoteTrainer.elf"  ./src/main.o ./src/peripheral.o   -Wl,--start-group,-lxil,-lgcc,-lc,--end-group
Finished building target: MusicNoteTrainer.elf
 
Invoking: MicroBlaze Print Size
mb-size MusicNoteTrainer.elf  |tee "MusicNoteTrainer.elf.size"
   text	   data	    bss	    dec	    hex	filename
  12820	    388	   3376	  16584	   40c8	MusicNoteTrainer.elf
Finished building: MusicNoteTrainer.elf.size
 
00:55:34 **** Auto Build of configuration Debug for project MusicNoteTrainer ****
make all 
Building file: ../src/main.c
Invoking: MicroBlaze gcc compiler
mb-gcc -Wall -O0 -g3 -c -fmessage-length=0 -MT"src/main.o" -I../../MusicNoteTrainer_bsp/microblaze_0/include -mno-xl-reorder -mlittle-endian -mxl-barrel-shift -mxl-pattern-compare -mcpu=v10.0 -mno-xl-soft-mul -Wl,--no-relax -ffunction-sections -fdata-sections -MMD -MP -MF"src/main.d" -MT"src/main.o" -o "src/main.o" "../src/main.c"
In file included from ../src/main.c:1:0:
../src/peripheral.h:15:13: warning: 'TimerCounterHandler' declared 'static' but never defined [-Wunused-function]
 static void TimerCounterHandler(void *CallBackRef, u8 TmrCtrNumber);
             ^~~~~~~~~~~~~~~~~~~
../src/peripheral.h:17:13: warning: 'KbdInterruptHandler' declared 'static' but never defined [-Wunused-function]
 static void KbdInterruptHandler(void *CallbackRef);
             ^~~~~~~~~~~~~~~~~~~
../src/peripheral.h:19:13: warning: 'TmrCtrDisableIntr' declared 'static' but never defined [-Wunused-function]
 static void TmrCtrDisableIntr(XIntc *IntcInstancePtr, u16 IntrId);
             ^~~~~~~~~~~~~~~~~
Finished building: ../src/main.c
 
Building target: MusicNoteTrainer.elf
Invoking: MicroBlaze gcc linker
mb-gcc -Wl,-T -Wl,../src/lscript.ld -L../../MusicNoteTrainer_bsp/microblaze_0/lib -mlittle-endian -mxl-barrel-shift -mxl-pattern-compare -mcpu=v10.0 -mno-xl-soft-mul -Wl,--no-relax -Wl,--gc-sections -o "MusicNoteTrainer.elf"  ./src/main.o ./src/peripheral.o   -Wl,--start-group,-lxil,-lgcc,-lc,--end-group
Finished building target: MusicNoteTrainer.elf
 
Invoking: MicroBlaze Print Size
mb-size MusicNoteTrainer.elf  |tee "MusicNoteTrainer.elf.size"
   text	   data	    bss	    dec	    hex	filename
  12836	    388	   3376	  16600	   40d8	MusicNoteTrainer.elf
Finished building: MusicNoteTrainer.elf.size
 
00:55:39 **** Auto Build of configuration Debug for project MusicNoteTrainer ****
make all 
Building file: ../src/main.c
Invoking: MicroBlaze gcc compiler
mb-gcc -Wall -O0 -g3 -c -fmessage-length=0 -MT"src/main.o" -I../../MusicNoteTrainer_bsp/microblaze_0/include -mno-xl-reorder -mlittle-endian -mxl-barrel-shift -mxl-pattern-compare -mcpu=v10.0 -mno-xl-soft-mul -Wl,--no-relax -ffunction-sections -fdata-sections -MMD -MP -MF"src/main.d" -MT"src/main.o" -o "src/main.o" "../src/main.c"
In file included from ../src/main.c:1:0:
../src/peripheral.h:15:13: warning: 'TimerCounterHandler' declared 'static' but never defined [-Wunused-function]
 static void TimerCounterHandler(void *CallBackRef, u8 TmrCtrNumber);
             ^~~~~~~~~~~~~~~~~~~
../src/peripheral.h:17:13: warning: 'KbdInterruptHandler' declared 'static' but never defined [-Wunused-function]
 static void KbdInterruptHandler(void *CallbackRef);
             ^~~~~~~~~~~~~~~~~~~
../src/peripheral.h:19:13: warning: 'TmrCtrDisableIntr' declared 'static' but never defined [-Wunused-function]
 static void TmrCtrDisableIntr(XIntc *IntcInstancePtr, u16 IntrId);
             ^~~~~~~~~~~~~~~~~
Finished building: ../src/main.c
 
Building target: MusicNoteTrainer.elf
Invoking: MicroBlaze gcc linker
mb-gcc -Wl,-T -Wl,../src/lscript.ld -L../../MusicNoteTrainer_bsp/microblaze_0/lib -mlittle-endian -mxl-barrel-shift -mxl-pattern-compare -mcpu=v10.0 -mno-xl-soft-mul -Wl,--no-relax -Wl,--gc-sections -o "MusicNoteTrainer.elf"  ./src/main.o ./src/peripheral.o   -Wl,--start-group,-lxil,-lgcc,-lc,--end-group
Finished building target: MusicNoteTrainer.elf
 
Invoking: MicroBlaze Print Size
mb-size MusicNoteTrainer.elf  |tee "MusicNoteTrainer.elf.size"
   text	   data	    bss	    dec	    hex	filename
  12836	    388	   3376	  16600	   40d8	MusicNoteTrainer.elf
Finished building: MusicNoteTrainer.elf.size
 
00:55:44 **** Incremental Build of configuration Debug for project MusicNoteTrainer ****
make all 
make: Nothing to be done for 'all'.
00:56:19 **** Incremental Build of configuration Debug for project MusicNoteTrainer ****
make all 
make: Nothing to be done for 'all'.
00:58:58 **** Auto Build of configuration Debug for project MusicNoteTrainer ****
make all 
Building file: ../src/peripheral.c
Invoking: MicroBlaze gcc compiler
mb-gcc -Wall -O0 -g3 -c -fmessage-length=0 -MT"src/peripheral.o" -I../../MusicNoteTrainer_bsp/microblaze_0/include -mno-xl-reorder -mlittle-endian -mxl-barrel-shift -mxl-pattern-compare -mcpu=v10.0 -mno-xl-soft-mul -Wl,--no-relax -ffunction-sections -fdata-sections -MMD -MP -MF"src/peripheral.d" -MT"src/peripheral.o" -o "src/peripheral.o" "../src/peripheral.c"
../src/peripheral.c:320:6: warning: 'TmrCtrDisableIntr' defined but not used [-Wunused-function]
 void TmrCtrDisableIntr(XIntc *IntcInstancePtr, u16 IntrId)
      ^~~~~~~~~~~~~~~~~
Finished building: ../src/peripheral.c
 
Building target: MusicNoteTrainer.elf
Invoking: MicroBlaze gcc linker
mb-gcc -Wl,-T -Wl,../src/lscript.ld -L../../MusicNoteTrainer_bsp/microblaze_0/lib -mlittle-endian -mxl-barrel-shift -mxl-pattern-compare -mcpu=v10.0 -mno-xl-soft-mul -Wl,--no-relax -Wl,--gc-sections -o "MusicNoteTrainer.elf"  ./src/main.o ./src/peripheral.o   -Wl,--start-group,-lxil,-lgcc,-lc,--end-group
Finished building target: MusicNoteTrainer.elf
 
Invoking: MicroBlaze Print Size
mb-size MusicNoteTrainer.elf  |tee "MusicNoteTrainer.elf.size"
   text	   data	    bss	    dec	    hex	filename
  12836	    388	   3376	  16600	   40d8	MusicNoteTrainer.elf
Finished building: MusicNoteTrainer.elf.size
 
01:01:03 **** Auto Build of configuration Debug for project MusicNoteTrainer ****
make all 
Building file: ../src/peripheral.c
Invoking: MicroBlaze gcc compiler
mb-gcc -Wall -O0 -g3 -c -fmessage-length=0 -MT"src/peripheral.o" -I../../MusicNoteTrainer_bsp/microblaze_0/include -mno-xl-reorder -mlittle-endian -mxl-barrel-shift -mxl-pattern-compare -mcpu=v10.0 -mno-xl-soft-mul -Wl,--no-relax -ffunction-sections -fdata-sections -MMD -MP -MF"src/peripheral.d" -MT"src/peripheral.o" -o "src/peripheral.o" "../src/peripheral.c"
../src/peripheral.c: In function 'TimerCounterHandler':
../src/peripheral.c:288:3: error: too few arguments to function 'XTmrCtr_Stop'
   XTmrCtr_Stop((XTmrCtr*)CallBackRef);
   ^~~~~~~~~~~~
In file included from ../src/peripheral.h:12:0,
                 from ../src/peripheral.c:36:
../../MusicNoteTrainer_bsp/microblaze_0/include/xtmrctr.h:283:6: note: declared here
 void XTmrCtr_Stop(XTmrCtr * InstancePtr, u8 TmrCtrNumber);
      ^~~~~~~~~~~~
At top level:
../src/peripheral.c:323:6: warning: 'TmrCtrDisableIntr' defined but not used [-Wunused-function]
 void TmrCtrDisableIntr(XIntc *IntcInstancePtr, u16 IntrId)
      ^~~~~~~~~~~~~~~~~
src/subdir.mk:24: recipe for target 'src/peripheral.o' failed
make: *** [src/peripheral.o] Error 1
01:01:08 **** Auto Build of configuration Debug for project MusicNoteTrainer ****
make all 
Building file: ../src/peripheral.c
Invoking: MicroBlaze gcc compiler
mb-gcc -Wall -O0 -g3 -c -fmessage-length=0 -MT"src/peripheral.o" -I../../MusicNoteTrainer_bsp/microblaze_0/include -mno-xl-reorder -mlittle-endian -mxl-barrel-shift -mxl-pattern-compare -mcpu=v10.0 -mno-xl-soft-mul -Wl,--no-relax -ffunction-sections -fdata-sections -MMD -MP -MF"src/peripheral.d" -MT"src/peripheral.o" -o "src/peripheral.o" "../src/peripheral.c"
../src/peripheral.c:323:6: warning: 'TmrCtrDisableIntr' defined but not used [-Wunused-function]
 void TmrCtrDisableIntr(XIntc *IntcInstancePtr, u16 IntrId)
      ^~~~~~~~~~~~~~~~~
Finished building: ../src/peripheral.c
 
Building target: MusicNoteTrainer.elf
Invoking: MicroBlaze gcc linker
mb-gcc -Wl,-T -Wl,../src/lscript.ld -L../../MusicNoteTrainer_bsp/microblaze_0/lib -mlittle-endian -mxl-barrel-shift -mxl-pattern-compare -mcpu=v10.0 -mno-xl-soft-mul -Wl,--no-relax -Wl,--gc-sections -o "MusicNoteTrainer.elf"  ./src/main.o ./src/peripheral.o   -Wl,--start-group,-lxil,-lgcc,-lc,--end-group
Finished building target: MusicNoteTrainer.elf
 
Invoking: MicroBlaze Print Size
mb-size MusicNoteTrainer.elf  |tee "MusicNoteTrainer.elf.size"
   text	   data	    bss	    dec	    hex	filename
  13108	    388	   3376	  16872	   41e8	MusicNoteTrainer.elf
Finished building: MusicNoteTrainer.elf.size
 
01:02:05 **** Incremental Build of configuration Debug for project MusicNoteTrainer ****
make all 
make: Nothing to be done for 'all'.
